 .. [Boundary] ./data/myBoundary/Pouch/pouch_start_new.ply
 .. [Boundary] mesh vertices = 866
 .. [Boundary] mesh edges    = 2545
 .. [Boundary] mesh faces    = 1680
 .. [Boundary] Boundary detected: YES
 .. [Boundary] boundary edges      = 50
 .. [Boundary] boundary vertices   = 50
 .. [Boundary] boundary components = 1
 .. [BoundaryTPE] enabled        = 1
 .. [BoundaryTPE] weight         = 1e-05
 .. [BoundaryTPE] available      = 1
 .. [BoundaryTPE] useInObjective = 1
 .. [BoundaryTPE] active         = 1
 .. numVertices = 866
 .. W = 0.584414
 .. [BoundaryTPE] boundary single-shape energy object created.
 .. TPE(1) = 0.0033292
 .. TPE(2) = 0.00339567

 .. Step 2: 
=========================================================================================
Start Newton method with 100 iterations and eps = 1e-08.
step = 0, stepsize = 1.000000e+00, norm = 2.454871e+01, t = 0.000000ms
=========================================================================================
step = 1, stepsize = 5.555683e-01, norm = 1.085166e+01, t = 956.671435ms
step = 2, stepsize = 5.556303e-01, norm = 4.759567e+00, t = 969.642375ms
step = 3, stepsize = 5.552156e-01, norm = 2.168396e+00, t = 738.048432ms
step = 4, stepsize = 0.000000e+00, norm = 2.168396e+00, t = 3758.906462ms
=========================================================================================
Finished Newton's method after 4 steps (max. steps = 100, tol = 1.000000e-08).
Final stepsize = 0.000000e+00, final norm = 2.168396e+00
=========================================================================================

 .... Time: 6.438865e+00 seconds.
 .... Ebdry(s2)       = 4.592736e+03
 .... DEbdry(s2).norm = 3.748824e+04

 .. Step 3: 
=========================================================================================
Start Newton method with 100 iterations and eps = 1.000000e-08.
step = 0, stepsize = 1.000000e+00, norm = 2.423316e+01, t = 0.000000ms
=========================================================================================
step = 1, stepsize = 1.751238e-02, norm = 2.393291e+01, t = 2621.903071ms
step = 2, stepsize = 0.000000e+00, norm = 2.393291e+01, t = 3707.316945ms
=========================================================================================
Finished Newton's method after 2 steps (max. steps = 100, tol = 1.000000e-08).
Final stepsize = 0.000000e+00, final norm = 2.393291e+01
=========================================================================================

 .... Time: 6.344586e+00 seconds.
 .... Ebdry(s2)       = 9.265511e+03
 .... DEbdry(s2).norm = 1.005950e+05

 .. Step 4: 
=========================================================================================
Start Newton method with 100 iterations and eps = 1.000000e-08.
step = 0, stepsize = 1.000000e+00, norm = 1.167368e+00, t = 0.000000ms
=========================================================================================
step = 1, stepsize = 0.000000e+00, norm = 1.167368e+00, t = 3562.806613ms
=========================================================================================
Finished Newton's method after 1 steps (max. steps = 100, tol = 1.000000e-08).
Final stepsize = 0.000000e+00, final norm = 1.167368e+00
=========================================================================================

 .... Time: 3.577673e+00 seconds.
 .... Ebdry(s2)       = 9.265511e+03
 .... DEbdry(s2).norm = 1.005950e+05

 .. Step 5: 
=========================================================================================
Start Newton method with 100 iterations and eps = 1.000000e-08.
step = 0, stepsize = 1.000000e+00, norm = 1.005950e+00, t = 0.000000ms
=========================================================================================
step = 1, stepsize = 0.000000e+00, norm = 1.005950e+00, t = 6084.373739ms
=========================================================================================
Finished Newton's method after 1 steps (max. steps = 100, tol = 1.000000e-08).
Final stepsize = 0.000000e+00, final norm = 1.005950e+00
=========================================================================================

 .... Time: 6.100634e+00 seconds.
 .... Ebdry(s2)       = 9.265511e+03
 .... DEbdry(s2).norm = 1.005950e+05

 .. Step 6: 
=========================================================================================
Start Newton method with 100 iterations and eps = 1.000000e-08.
step = 0, stepsize = 1.000000e+00, norm = 1.005950e+00, t = 0.000000ms
=========================================================================================
step = 1, stepsize = 0.000000e+00, norm = 1.005950e+00, t = 7621.642731ms
=========================================================================================
Finished Newton's method after 1 steps (max. steps = 100, tol = 1.000000e-08).
Final stepsize = 0.000000e+00, final norm = 1.005950e+00
=========================================================================================

 .... Time: 7.642151e+00 seconds.
 .... Ebdry(s2)       = 9.265511e+03
 .... DEbdry(s2).norm = 1.005950e+05

 .. Step 7: 
=========================================================================================
Start Newton method with 100 iterations and eps = 1.000000e-08.
step = 0, stepsize = 1.000000e+00, norm = 1.005950e+00, t = 0.000000ms
=========================================================================================
step = 1, stepsize = 0.000000e+00, norm = 1.005950e+00, t = 7787.909455ms
=========================================================================================
Finished Newton's method after 1 steps (max. steps = 100, tol = 1.000000e-08).
Final stepsize = 0.000000e+00, final norm = 1.005950e+00
=========================================================================================

 .... Time: 7.809837e+00 seconds.
 .... Ebdry(s2)       = 9.265511e+03
 .... DEbdry(s2).norm = 1.005950e+05

 .. Step 8: 
=========================================================================================
Start Newton method with 100 iterations and eps = 1.000000e-08.
step = 0, stepsize = 1.000000e+00, norm = 1.005950e+00, t = 0.000000ms
=========================================================================================
step = 1, stepsize = 0.000000e+00, norm = 1.005950e+00, t = 7694.157111ms
=========================================================================================
Finished Newton's method after 1 steps (max. steps = 100, tol = 1.000000e-08).
Final stepsize = 0.000000e+00, final norm = 1.005950e+00
=========================================================================================

 .... Time: 7.719785e+00 seconds.
 .... Ebdry(s2)       = 9.265511e+03
 .... DEbdry(s2).norm = 1.005950e+05

 .. Step 9: 
=========================================================================================
Start Newton method with 100 iterations and eps = 1.000000e-08.
step = 0, stepsize = 1.000000e+00, norm = 1.005950e+00, t = 0.000000ms
=========================================================================================
step = 1, stepsize = 0.000000e+00, norm = 1.005950e+00, t = 8118.675163ms
=========================================================================================
Finished Newton's method after 1 steps (max. steps = 100, tol = 1.000000e-08).
Final stepsize = 0.000000e+00, final norm = 1.005950e+00
=========================================================================================

 .... Time: 8.139135e+00 seconds.
 .... Ebdry(s2)       = 9.265511e+03
 .... DEbdry(s2).norm = 1.005950e+05

 .. Step 10: 
=========================================================================================
Start Newton method with 100 iterations and eps = 1.000000e-08.
step = 0, stepsize = 1.000000e+00, norm = 1.005950e+00, t = 0.000000ms
=========================================================================================
step = 1, stepsize = 0.000000e+00, norm = 1.005950e+00, t = 8570.160685ms
=========================================================================================
Finished Newton's method after 1 steps (max. steps = 100, tol = 1.000000e-08).
Final stepsize = 0.000000e+00, final norm = 1.005950e+00
=========================================================================================

 .... Time: 8.593178e+00 seconds.
 .... Ebdry(s2)       = 9.265511e+03
 .... DEbdry(s2).norm = 1.005950e+05

 .. Step 11: 
=========================================================================================
Start Newton method with 100 iterations and eps = 1.000000e-08.
step = 0, stepsize = 1.000000e+00, norm = 1.005950e+00, t = 0.000000ms
=========================================================================================
step = 1, stepsize = 0.000000e+00, norm = 1.005950e+00, t = 9089.814798ms
=========================================================================================
Finished Newton's method after 1 steps (max. steps = 100, tol = 1.000000e-08).
Final stepsize = 0.000000e+00, final norm = 1.005950e+00
=========================================================================================

 .... Time: 9.120018e+00 seconds.
 .... Ebdry(s2)       = 9.265511e+03
 .... DEbdry(s2).norm = 1.005950e+05

 .. Step 12: 
=========================================================================================
Start Newton method with 100 iterations and eps = 1.000000e-08.
step = 0, stepsize = 1.000000e+00, norm = 1.005950e+00, t = 0.000000ms
=========================================================================================
step = 1, stepsize = 0.000000e+00, norm = 1.005950e+00, t = 8354.135206ms
=========================================================================================
Finished Newton's method after 1 steps (max. steps = 100, tol = 1.000000e-08).
Final stepsize = 0.000000e+00, final norm = 1.005950e+00
=========================================================================================

 .... Time: 8.374372e+00 seconds.
 .... Ebdry(s2)       = 9.265511e+03
 .... DEbdry(s2).norm = 1.005950e+05

 .. Step 13: 
=========================================================================================
Start Newton method with 100 iterations and eps = 1.000000e-08.
step = 0, stepsize = 1.000000e+00, norm = 1.005950e+00, t = 0.000000ms
=========================================================================================
step = 1, stepsize = 0.000000e+00, norm = 1.005950e+00, t = 8607.267720ms
=========================================================================================
Finished Newton's method after 1 steps (max. steps = 100, tol = 1.000000e-08).
Final stepsize = 0.000000e+00, final norm = 1.005950e+00
=========================================================================================

 .... Time: 8.629834e+00 seconds.
 .... Ebdry(s2)       = 9.265511e+03
 .... DEbdry(s2).norm = 1.005950e+05

 .. Step 14: 
=========================================================================================
Start Newton method with 100 iterations and eps = 1.000000e-08.
step = 0, stepsize = 1.000000e+00, norm = 1.005950e+00, t = 0.000000ms
=========================================================================================
step = 1, stepsize = 0.000000e+00, norm = 1.005950e+00, t = 8460.805161ms
=========================================================================================
Finished Newton's method after 1 steps (max. steps = 100, tol = 1.000000e-08).
Final stepsize = 0.000000e+00, final norm = 1.005950e+00
=========================================================================================

 .... Time: 8.494200e+00 seconds.
 .... Ebdry(s2)       = 9.265511e+03
 .... DEbdry(s2).norm = 1.005950e+05

 .. Step 15: 
=========================================================================================
Start Newton method with 100 iterations and eps = 1.000000e-08.
step = 0, stepsize = 1.000000e+00, norm = 1.005950e+00, t = 0.000000ms
=========================================================================================
step = 1, stepsize = 0.000000e+00, norm = 1.005950e+00, t = 8379.864083ms
=========================================================================================
Finished Newton's method after 1 steps (max. steps = 100, tol = 1.000000e-08).
Final stepsize = 0.000000e+00, final norm = 1.005950e+00
=========================================================================================

 .... Time: 8.412208e+00 seconds.
 .... Ebdry(s2)       = 9.265511e+03
 .... DEbdry(s2).norm = 1.005950e+05

 .. Step 16: 
=========================================================================================
Start Newton method with 100 iterations and eps = 1.000000e-08.
step = 0, stepsize = 1.000000e+00, norm = 1.005950e+00, t = 0.000000ms
=========================================================================================
step = 1, stepsize = 0.000000e+00, norm = 1.005950e+00, t = 8727.612655ms
=========================================================================================
Finished Newton's method after 1 steps (max. steps = 100, tol = 1.000000e-08).
Final stepsize = 0.000000e+00, final norm = 1.005950e+00
=========================================================================================

 .... Time: 8.750818e+00 seconds.
 .... Ebdry(s2)       = 9.265511e+03
 .... DEbdry(s2).norm = 1.005950e+05

 .. Step 17: 
=========================================================================================
Start Newton method with 100 iterations and eps = 1.000000e-08.
step = 0, stepsize = 1.000000e+00, norm = 1.005950e+00, t = 0.000000ms
=========================================================================================
step = 1, stepsize = 0.000000e+00, norm = 1.005950e+00, t = 8544.543253ms
=========================================================================================
Finished Newton's method after 1 steps (max. steps = 100, tol = 1.000000e-08).
Final stepsize = 0.000000e+00, final norm = 1.005950e+00
=========================================================================================

 .... Time: 8.569793e+00 seconds.
 .... Ebdry(s2)       = 9.265511e+03
 .... DEbdry(s2).norm = 1.005950e+05

 .. Step 18: 
=========================================================================================
Start Newton method with 100 iterations and eps = 1.000000e-08.
step = 0, stepsize = 1.000000e+00, norm = 1.005950e+00, t = 0.000000ms
=========================================================================================
step = 1, stepsize = 0.000000e+00, norm = 1.005950e+00, t = 8784.626902ms
=========================================================================================
Finished Newton's method after 1 steps (max. steps = 100, tol = 1.000000e-08).
Final stepsize = 0.000000e+00, final norm = 1.005950e+00
=========================================================================================

 .... Time: 8.805974e+00 seconds.
 .... Ebdry(s2)       = 9.265511e+03
 .... DEbdry(s2).norm = 1.005950e+05

 .. Step 19: 
=========================================================================================
Start Newton method with 100 iterations and eps = 1.000000e-08.
step = 0, stepsize = 1.000000e+00, norm = 1.005950e+00, t = 0.000000ms
=========================================================================================
step = 1, stepsize = 0.000000e+00, norm = 1.005950e+00, t = 8263.880958ms
=========================================================================================
Finished Newton's method after 1 steps (max. steps = 100, tol = 1.000000e-08).
Final stepsize = 0.000000e+00, final norm = 1.005950e+00
=========================================================================================

 .... Time: 8.286289e+00 seconds.
 .... Ebdry(s2)       = 9.265511e+03
 .... DEbdry(s2).norm = 1.005950e+05

 .. Step 20: 
=========================================================================================
Start Newton method with 100 iterations and eps = 1.000000e-08.
step = 0, stepsize = 1.000000e+00, norm = 1.005950e+00, t = 0.000000ms
=========================================================================================
step = 1, stepsize = 0.000000e+00, norm = 1.005950e+00, t = 8846.266372ms
=========================================================================================
Finished Newton's method after 1 steps (max. steps = 100, tol = 1.000000e-08).
Final stepsize = 0.000000e+00, final norm = 1.005950e+00
=========================================================================================

 .... Time: 8.870590e+00 seconds.
 .... Ebdry(s2)       = 9.265511e+03
 .... DEbdry(s2).norm = 1.005950e+05

 .. Step 21: 
=========================================================================================
Start Newton method with 100 iterations and eps = 1.000000e-08.
step = 0, stepsize = 1.000000e+00, norm = 1.005950e+00, t = 0.000000ms
=========================================================================================
step = 1, stepsize = 0.000000e+00, norm = 1.005950e+00, t = 8138.719321ms
=========================================================================================
Finished Newton's method after 1 steps (max. steps = 100, tol = 1.000000e-08).
Final stepsize = 0.000000e+00, final norm = 1.005950e+00
=========================================================================================

 .... Time: 8.169939e+00 seconds.
 .... Ebdry(s2)       = 9.265511e+03
 .... DEbdry(s2).norm = 1.005950e+05

 .. Step 22: 
=========================================================================================
Start Newton method with 100 iterations and eps = 1.000000e-08.
step = 0, stepsize = 1.000000e+00, norm = 1.005950e+00, t = 0.000000ms
=========================================================================================
step = 1, stepsize = 0.000000e+00, norm = 1.005950e+00, t = 7657.159713ms
=========================================================================================
Finished Newton's method after 1 steps (max. steps = 100, tol = 1.000000e-08).
Final stepsize = 0.000000e+00, final norm = 1.005950e+00
=========================================================================================

 .... Time: 7.681071e+00 seconds.
 .... Ebdry(s2)       = 9.265511e+03
 .... DEbdry(s2).norm = 1.005950e+05

 .. Step 23: 
=========================================================================================
Start Newton method with 100 iterations and eps = 1.000000e-08.
step = 0, stepsize = 1.000000e+00, norm = 1.005950e+00, t = 0.000000ms
=========================================================================================
step = 1, stepsize = 0.000000e+00, norm = 1.005950e+00, t = 7767.903965ms
=========================================================================================
Finished Newton's method after 1 steps (max. steps = 100, tol = 1.000000e-08).
Final stepsize = 0.000000e+00, final norm = 1.005950e+00
=========================================================================================

 .... Time: 7.788954e+00 seconds.
 .... Ebdry(s2)       = 9.265511e+03
 .... DEbdry(s2).norm = 1.005950e+05

 .. Step 24: 
=========================================================================================
Start Newton method with 100 iterations and eps = 1.000000e-08.
step = 0, stepsize = 1.000000e+00, norm = 1.005950e+00, t = 0.000000ms
=========================================================================================
step = 1, stepsize = 0.000000e+00, norm = 1.005950e+00, t = 8512.142603ms
=========================================================================================
Finished Newton's method after 1 steps (max. steps = 100, tol = 1.000000e-08).
Final stepsize = 0.000000e+00, final norm = 1.005950e+00
=========================================================================================

 .... Time: 8.540249e+00 seconds.
 .... Ebdry(s2)       = 9.265511e+03
 .... DEbdry(s2).norm = 1.005950e+05

 .. Step 25: 
=========================================================================================
Start Newton method with 100 iterations and eps = 1.000000e-08.
step = 0, stepsize = 1.000000e+00, norm = 1.005950e+00, t = 0.000000ms
=========================================================================================
step = 1, stepsize = 0.000000e+00, norm = 1.005950e+00, t = 8487.638937ms
=========================================================================================
Finished Newton's method after 1 steps (max. steps = 100, tol = 1.000000e-08).
Final stepsize = 0.000000e+00, final norm = 1.005950e+00
=========================================================================================

 .... Time: 8.519263e+00 seconds.
 .... Ebdry(s2)       = 9.265511e+03
 .... DEbdry(s2).norm = 1.005950e+05

 .. Step 26: 
=========================================================================================
Start Newton method with 100 iterations and eps = 1.000000e-08.
step = 0, stepsize = 1.000000e+00, norm = 1.005950e+00, t = 0.000000ms
=========================================================================================
step = 1, stepsize = 0.000000e+00, norm = 1.005950e+00, t = 7893.777726ms
=========================================================================================
Finished Newton's method after 1 steps (max. steps = 100, tol = 1.000000e-08).
Final stepsize = 0.000000e+00, final norm = 1.005950e+00
=========================================================================================

 .... Time: 7.916002e+00 seconds.
 .... Ebdry(s2)       = 9.265511e+03
 .... DEbdry(s2).norm = 1.005950e+05

 .. Step 27: 
=========================================================================================
Start Newton method with 100 iterations and eps = 1.000000e-08.
step = 0, stepsize = 1.000000e+00, norm = 1.005950e+00, t = 0.000000ms
=========================================================================================
step = 1, stepsize = 0.000000e+00, norm = 1.005950e+00, t = 8117.805115ms
=========================================================================================
Finished Newton's method after 1 steps (max. steps = 100, tol = 1.000000e-08).
Final stepsize = 0.000000e+00, final norm = 1.005950e+00
=========================================================================================

 .... Time: 8.141128e+00 seconds.
 .... Ebdry(s2)       = 9.265511e+03
 .... DEbdry(s2).norm = 1.005950e+05

 .. Step 28: 
=========================================================================================
Start Newton method with 100 iterations and eps = 1.000000e-08.
step = 0, stepsize = 1.000000e+00, norm = 1.005950e+00, t = 0.000000ms
=========================================================================================
step = 1, stepsize = 0.000000e+00, norm = 1.005950e+00, t = 7719.189604ms
=========================================================================================
Finished Newton's method after 1 steps (max. steps = 100, tol = 1.000000e-08).
Final stepsize = 0.000000e+00, final norm = 1.005950e+00
=========================================================================================

 .... Time: 7.741968e+00 seconds.
 .... Ebdry(s2)       = 9.265511e+03
 .... DEbdry(s2).norm = 1.005950e+05

 .. Step 29: 
=========================================================================================
Start Newton method with 100 iterations and eps = 1.000000e-08.
step = 0, stepsize = 1.000000e+00, norm = 1.005950e+00, t = 0.000000ms
=========================================================================================
step = 1, stepsize = 0.000000e+00, norm = 1.005950e+00, t = 7996.812402ms
=========================================================================================
Finished Newton's method after 1 steps (max. steps = 100, tol = 1.000000e-08).
Final stepsize = 0.000000e+00, final norm = 1.005950e+00
=========================================================================================

 .... Time: 8.019238e+00 seconds.
 .... Ebdry(s2)       = 9.265511e+03
 .... DEbdry(s2).norm = 1.005950e+05

 .. Step 30: 
=========================================================================================
Start Newton method with 100 iterations and eps = 1.000000e-08.
step = 0, stepsize = 1.000000e+00, norm = 1.005950e+00, t = 0.000000ms
=========================================================================================
step = 1, stepsize = 0.000000e+00, norm = 1.005950e+00, t = 7367.977859ms
=========================================================================================
Finished Newton's method after 1 steps (max. steps = 100, tol = 1.000000e-08).
Final stepsize = 0.000000e+00, final norm = 1.005950e+00
=========================================================================================

 .... Time: 7.389120e+00 seconds.
 .... Ebdry(s2)       = 9.265511e+03
 .... DEbdry(s2).norm = 1.005950e+05

 .. Step 31: 
=========================================================================================
Start Newton method with 100 iterations and eps = 1.000000e-08.
step = 0, stepsize = 1.000000e+00, norm = 1.005950e+00, t = 0.000000ms
=========================================================================================
step = 1, stepsize = 0.000000e+00, norm = 1.005950e+00, t = 7855.214452ms
=========================================================================================
Finished Newton's method after 1 steps (max. steps = 100, tol = 1.000000e-08).
Final stepsize = 0.000000e+00, final norm = 1.005950e+00
=========================================================================================

 .... Time: 7.877761e+00 seconds.
 .... Ebdry(s2)       = 9.265511e+03
 .... DEbdry(s2).norm = 1.005950e+05

 .. Step 32: 
=========================================================================================
Start Newton method with 100 iterations and eps = 1.000000e-08.
step = 0, stepsize = 1.000000e+00, norm = 1.005950e+00, t = 0.000000ms
=========================================================================================
step = 1, stepsize = 0.000000e+00, norm = 1.005950e+00, t = 8045.237475ms
=========================================================================================
Finished Newton's method after 1 steps (max. steps = 100, tol = 1.000000e-08).
Final stepsize = 0.000000e+00, final norm = 1.005950e+00
=========================================================================================

 .... Time: 8.066151e+00 seconds.
 .... Ebdry(s2)       = 9.265511e+03
 .... DEbdry(s2).norm = 1.005950e+05
 - outputPrefix: ./output/20260619_105016_AugmentedSurfaceExtrapolation/
