 .. [Boundary] ./data/myBoundary/Disk/disk_flat.ply
 .. [Boundary] mesh vertices = 1025
 .. [Boundary] mesh edges    = 3008
 .. [Boundary] mesh faces    = 1984
 .. [Boundary] Boundary detected: YES
 .. [Boundary] boundary edges      = 64
 .. [Boundary] boundary vertices   = 64
 .. [Boundary] boundary components = 1
 .. [BoundaryTPE] enabled        = 1
 .. [BoundaryTPE] weight         = 1e-05
 .. [BoundaryTPE] available      = 1
 .. [BoundaryTPE] useInObjective = 1
 .. [BoundaryTPE] active         = 1
 .. numVertices = 1025
 .. W = 0.385458
 .. [BoundaryTPE] boundary single-shape energy object created.
 .. TPE(1) = -3.99875e-39
 .. TPE(2) = 1.7824e-06

 .. Step 2: 
=========================================================================================
Start Newton method with 100 iterations and eps = 1e-08.
step = 0, stepsize = 1.000000e+00, norm = 1.943929e+01, t = 0.000000ms
=========================================================================================
step = 1, stepsize = 2.762471e-01, norm = 1.500493e+01, t = 2809.372426ms
step = 2, stepsize = 4.992643e-01, norm = 9.962399e+00, t = 2173.796074ms
step = 3, stepsize = 5.570458e-01, norm = 3.820408e+00, t = 1786.078823ms
step = 4, stepsize = 5.562192e-01, norm = 1.577113e+00, t = 1572.133008ms
step = 5, stepsize = 5.556470e-01, norm = 6.959030e-01, t = 1621.572291ms
step = 6, stepsize = 5.553898e-01, norm = 3.133904e-01, t = 1480.868680ms
step = 7, stepsize = 5.550186e-01, norm = 1.436694e-01, t = 1805.558279ms
step = 8, stepsize = 5.536716e-01, norm = 6.962550e-02, t = 1500.976134ms
step = 9, stepsize = 5.461616e-01, norm = 4.372403e-02, t = 1551.726425ms
step = 10, stepsize = 0.000000e+00, norm = 4.372403e-02, t = 9920.493259ms
=========================================================================================
Finished Newton's method after 10 steps (max. steps = 100, tol = 1.000000e-08).
Final stepsize = 0.000000e+00, final norm = 4.372403e-02
=========================================================================================

 .... Time: 2.624885e+01 seconds.
 .... Ebdry(s2)       = 4.216784e+02
 .... DEbdry(s2).norm = 4.727107e+03

 .. Step 3: 
=========================================================================================
Start Newton method with 100 iterations and eps = 1.000000e-08.
step = 0, stepsize = 1.000000e+00, norm = 4.178659e+01, t = 0.000000ms
=========================================================================================
step = 1, stepsize = 5.657918e-02, norm = 3.975732e+01, t = 2430.302344ms
step = 2, stepsize = 3.946518e-02, norm = 3.861262e+01, t = 2915.459913ms
step = 3, stepsize = 1.449254e-02, norm = 3.634433e+01, t = 5739.544566ms
step = 4, stepsize = 3.011985e-03, norm = 3.367043e+01, t = 3561.743929ms
step = 5, stepsize = 0.000000e+00, norm = 3.367043e+01, t = 11711.551348ms
=========================================================================================
Finished Newton's method after 5 steps (max. steps = 100, tol = 1.000000e-08).
Final stepsize = 0.000000e+00, final norm = 3.367043e+01
=========================================================================================

 .... Time: 2.638955e+01 seconds.
 .... Ebdry(s2)       = 4.577401e+04
 .... DEbdry(s2).norm = 2.355482e+06

 .. Step 4: 
=========================================================================================
Start Newton method with 100 iterations and eps = 1.000000e-08.
step = 0, stepsize = 1.000000e+00, norm = 2.690541e+01, t = 0.000000ms
=========================================================================================
step = 1, stepsize = 0.000000e+00, norm = 2.690541e+01, t = 12329.543392ms
=========================================================================================
Finished Newton's method after 1 steps (max. steps = 100, tol = 1.000000e-08).
Final stepsize = 0.000000e+00, final norm = 2.690541e+01
=========================================================================================

 .... Time: 1.236769e+01 seconds.
 .... Ebdry(s2)       = 4.577401e+04
 .... DEbdry(s2).norm = 2.355482e+06

 .. Step 5: 
=========================================================================================
Start Newton method with 100 iterations and eps = 1.000000e-08.
step = 0, stepsize = 1.000000e+00, norm = 2.355482e+01, t = 0.000000ms
=========================================================================================
step = 1, stepsize = 0.000000e+00, norm = 2.355482e+01, t = 12866.707462ms
=========================================================================================
Finished Newton's method after 1 steps (max. steps = 100, tol = 1.000000e-08).
Final stepsize = 0.000000e+00, final norm = 2.355482e+01
=========================================================================================

 .... Time: 1.289728e+01 seconds.
 .... Ebdry(s2)       = 4.577401e+04
 .... DEbdry(s2).norm = 2.355482e+06

 .. Step 6: 
=========================================================================================
Start Newton method with 100 iterations and eps = 1.000000e-08.
step = 0, stepsize = 1.000000e+00, norm = 2.355482e+01, t = 0.000000ms
=========================================================================================
step = 1, stepsize = 0.000000e+00, norm = 2.355482e+01, t = 11233.687369ms
=========================================================================================
Finished Newton's method after 1 steps (max. steps = 100, tol = 1.000000e-08).
Final stepsize = 0.000000e+00, final norm = 2.355482e+01
=========================================================================================

 .... Time: 1.126722e+01 seconds.
 .... Ebdry(s2)       = 4.577401e+04
 .... DEbdry(s2).norm = 2.355482e+06

 .. Step 7: 
=========================================================================================
Start Newton method with 100 iterations and eps = 1.000000e-08.
step = 0, stepsize = 1.000000e+00, norm = 2.355482e+01, t = 0.000000ms
=========================================================================================
step = 1, stepsize = 0.000000e+00, norm = 2.355482e+01, t = 14391.728888ms
=========================================================================================
Finished Newton's method after 1 steps (max. steps = 100, tol = 1.000000e-08).
Final stepsize = 0.000000e+00, final norm = 2.355482e+01
=========================================================================================

 .... Time: 1.442304e+01 seconds.
 .... Ebdry(s2)       = 4.577401e+04
 .... DEbdry(s2).norm = 2.355482e+06

 .. Step 8: 
=========================================================================================
Start Newton method with 100 iterations and eps = 1.000000e-08.
step = 0, stepsize = 1.000000e+00, norm = 2.355482e+01, t = 0.000000ms
=========================================================================================
step = 1, stepsize = 0.000000e+00, norm = 2.355482e+01, t = 11743.557845ms
=========================================================================================
Finished Newton's method after 1 steps (max. steps = 100, tol = 1.000000e-08).
Final stepsize = 0.000000e+00, final norm = 2.355482e+01
=========================================================================================

 .... Time: 1.177444e+01 seconds.
 .... Ebdry(s2)       = 4.577401e+04
 .... DEbdry(s2).norm = 2.355482e+06

 .. Step 9: 
=========================================================================================
Start Newton method with 100 iterations and eps = 1.000000e-08.
step = 0, stepsize = 1.000000e+00, norm = 2.355482e+01, t = 0.000000ms
=========================================================================================
step = 1, stepsize = 0.000000e+00, norm = 2.355482e+01, t = 12908.575893ms
=========================================================================================
Finished Newton's method after 1 steps (max. steps = 100, tol = 1.000000e-08).
Final stepsize = 0.000000e+00, final norm = 2.355482e+01
=========================================================================================

 .... Time: 1.293923e+01 seconds.
 .... Ebdry(s2)       = 4.577401e+04
 .... DEbdry(s2).norm = 2.355482e+06

 .. Step 10: 
=========================================================================================
Start Newton method with 100 iterations and eps = 1.000000e-08.
step = 0, stepsize = 1.000000e+00, norm = 2.355482e+01, t = 0.000000ms
=========================================================================================
step = 1, stepsize = 0.000000e+00, norm = 2.355482e+01, t = 14706.133249ms
=========================================================================================
Finished Newton's method after 1 steps (max. steps = 100, tol = 1.000000e-08).
Final stepsize = 0.000000e+00, final norm = 2.355482e+01
=========================================================================================

 .... Time: 1.473126e+01 seconds.
 .... Ebdry(s2)       = 4.577401e+04
 .... DEbdry(s2).norm = 2.355482e+06

 .. Step 11: 
=========================================================================================
Start Newton method with 100 iterations and eps = 1.000000e-08.
step = 0, stepsize = 1.000000e+00, norm = 2.355482e+01, t = 0.000000ms
=========================================================================================
step = 1, stepsize = 0.000000e+00, norm = 2.355482e+01, t = 14056.367767ms
=========================================================================================
Finished Newton's method after 1 steps (max. steps = 100, tol = 1.000000e-08).
Final stepsize = 0.000000e+00, final norm = 2.355482e+01
=========================================================================================

 .... Time: 1.409878e+01 seconds.
 .... Ebdry(s2)       = 4.577401e+04
 .... DEbdry(s2).norm = 2.355482e+06

 .. Step 12: 
=========================================================================================
Start Newton method with 100 iterations and eps = 1.000000e-08.
step = 0, stepsize = 1.000000e+00, norm = 2.355482e+01, t = 0.000000ms
=========================================================================================
step = 1, stepsize = 0.000000e+00, norm = 2.355482e+01, t = 14142.696656ms
=========================================================================================
Finished Newton's method after 1 steps (max. steps = 100, tol = 1.000000e-08).
Final stepsize = 0.000000e+00, final norm = 2.355482e+01
=========================================================================================

 .... Time: 1.418100e+01 seconds.
 .... Ebdry(s2)       = 4.577401e+04
 .... DEbdry(s2).norm = 2.355482e+06

 .. Step 13: 
=========================================================================================
Start Newton method with 100 iterations and eps = 1.000000e-08.
step = 0, stepsize = 1.000000e+00, norm = 2.355482e+01, t = 0.000000ms
=========================================================================================
step = 1, stepsize = 0.000000e+00, norm = 2.355482e+01, t = 13318.038638ms
=========================================================================================
Finished Newton's method after 1 steps (max. steps = 100, tol = 1.000000e-08).
Final stepsize = 0.000000e+00, final norm = 2.355482e+01
=========================================================================================

 .... Time: 1.335177e+01 seconds.
 .... Ebdry(s2)       = 4.577401e+04
 .... DEbdry(s2).norm = 2.355482e+06

 .. Step 14: 
=========================================================================================
Start Newton method with 100 iterations and eps = 1.000000e-08.
step = 0, stepsize = 1.000000e+00, norm = 2.355482e+01, t = 0.000000ms
=========================================================================================
step = 1, stepsize = 0.000000e+00, norm = 2.355482e+01, t = 15631.612320ms
=========================================================================================
Finished Newton's method after 1 steps (max. steps = 100, tol = 1.000000e-08).
Final stepsize = 0.000000e+00, final norm = 2.355482e+01
=========================================================================================

 .... Time: 1.566303e+01 seconds.
 .... Ebdry(s2)       = 4.577401e+04
 .... DEbdry(s2).norm = 2.355482e+06

 .. Step 15: 
=========================================================================================
Start Newton method with 100 iterations and eps = 1.000000e-08.
step = 0, stepsize = 1.000000e+00, norm = 2.355482e+01, t = 0.000000ms
=========================================================================================
step = 1, stepsize = 0.000000e+00, norm = 2.355482e+01, t = 12515.089111ms
=========================================================================================
Finished Newton's method after 1 steps (max. steps = 100, tol = 1.000000e-08).
Final stepsize = 0.000000e+00, final norm = 2.355482e+01
=========================================================================================

 .... Time: 1.255064e+01 seconds.
 .... Ebdry(s2)       = 4.577401e+04
 .... DEbdry(s2).norm = 2.355482e+06

 .. Step 16: 
=========================================================================================
Start Newton method with 100 iterations and eps = 1.000000e-08.
step = 0, stepsize = 1.000000e+00, norm = 2.355482e+01, t = 0.000000ms
=========================================================================================
step = 1, stepsize = 0.000000e+00, norm = 2.355482e+01, t = 13109.544031ms
=========================================================================================
Finished Newton's method after 1 steps (max. steps = 100, tol = 1.000000e-08).
Final stepsize = 0.000000e+00, final norm = 2.355482e+01
=========================================================================================

 .... Time: 1.313324e+01 seconds.
 .... Ebdry(s2)       = 4.577401e+04
 .... DEbdry(s2).norm = 2.355482e+06

 .. Step 17: 
=========================================================================================
Start Newton method with 100 iterations and eps = 1.000000e-08.
step = 0, stepsize = 1.000000e+00, norm = 2.355482e+01, t = 0.000000ms
=========================================================================================
step = 1, stepsize = 0.000000e+00, norm = 2.355482e+01, t = 13204.999514ms
=========================================================================================
Finished Newton's method after 1 steps (max. steps = 100, tol = 1.000000e-08).
Final stepsize = 0.000000e+00, final norm = 2.355482e+01
=========================================================================================

 .... Time: 1.325170e+01 seconds.
 .... Ebdry(s2)       = 4.577401e+04
 .... DEbdry(s2).norm = 2.355482e+06

 .. Step 18: 
=========================================================================================
Start Newton method with 100 iterations and eps = 1.000000e-08.
step = 0, stepsize = 1.000000e+00, norm = 2.355482e+01, t = 0.000000ms
=========================================================================================
step = 1, stepsize = 0.000000e+00, norm = 2.355482e+01, t = 13718.885409ms
=========================================================================================
Finished Newton's method after 1 steps (max. steps = 100, tol = 1.000000e-08).
Final stepsize = 0.000000e+00, final norm = 2.355482e+01
=========================================================================================

 .... Time: 1.374691e+01 seconds.
 .... Ebdry(s2)       = 4.577401e+04
 .... DEbdry(s2).norm = 2.355482e+06

 .. Step 19: 
=========================================================================================
Start Newton method with 100 iterations and eps = 1.000000e-08.
step = 0, stepsize = 1.000000e+00, norm = 2.355482e+01, t = 0.000000ms
=========================================================================================
step = 1, stepsize = 0.000000e+00, norm = 2.355482e+01, t = 13943.425157ms
=========================================================================================
Finished Newton's method after 1 steps (max. steps = 100, tol = 1.000000e-08).
Final stepsize = 0.000000e+00, final norm = 2.355482e+01
=========================================================================================

 .... Time: 1.396970e+01 seconds.
 .... Ebdry(s2)       = 4.577401e+04
 .... DEbdry(s2).norm = 2.355482e+06

 .. Step 20: 
=========================================================================================
Start Newton method with 100 iterations and eps = 1.000000e-08.
step = 0, stepsize = 1.000000e+00, norm = 2.355482e+01, t = 0.000000ms
=========================================================================================
step = 1, stepsize = 0.000000e+00, norm = 2.355482e+01, t = 12572.893486ms
=========================================================================================
Finished Newton's method after 1 steps (max. steps = 100, tol = 1.000000e-08).
Final stepsize = 0.000000e+00, final norm = 2.355482e+01
=========================================================================================

 .... Time: 1.259848e+01 seconds.
 .... Ebdry(s2)       = 4.577401e+04
 .... DEbdry(s2).norm = 2.355482e+06

 .. Step 21: 
=========================================================================================
Start Newton method with 100 iterations and eps = 1.000000e-08.
step = 0, stepsize = 1.000000e+00, norm = 2.355482e+01, t = 0.000000ms
=========================================================================================
step = 1, stepsize = 0.000000e+00, norm = 2.355482e+01, t = 13883.593270ms
=========================================================================================
Finished Newton's method after 1 steps (max. steps = 100, tol = 1.000000e-08).
Final stepsize = 0.000000e+00, final norm = 2.355482e+01
=========================================================================================

 .... Time: 1.391016e+01 seconds.
 .... Ebdry(s2)       = 4.577401e+04
 .... DEbdry(s2).norm = 2.355482e+06

 .. Step 22: 
=========================================================================================
Start Newton method with 100 iterations and eps = 1.000000e-08.
step = 0, stepsize = 1.000000e+00, norm = 2.355482e+01, t = 0.000000ms
=========================================================================================
step = 1, stepsize = 0.000000e+00, norm = 2.355482e+01, t = 12559.770967ms
=========================================================================================
Finished Newton's method after 1 steps (max. steps = 100, tol = 1.000000e-08).
Final stepsize = 0.000000e+00, final norm = 2.355482e+01
=========================================================================================

 .... Time: 1.258349e+01 seconds.
 .... Ebdry(s2)       = 4.577401e+04
 .... DEbdry(s2).norm = 2.355482e+06

 .. Step 23: 
=========================================================================================
Start Newton method with 100 iterations and eps = 1.000000e-08.
step = 0, stepsize = 1.000000e+00, norm = 2.355482e+01, t = 0.000000ms
=========================================================================================
step = 1, stepsize = 0.000000e+00, norm = 2.355482e+01, t = 14173.894302ms
=========================================================================================
Finished Newton's method after 1 steps (max. steps = 100, tol = 1.000000e-08).
Final stepsize = 0.000000e+00, final norm = 2.355482e+01
=========================================================================================

 .... Time: 1.420014e+01 seconds.
 .... Ebdry(s2)       = 4.577401e+04
 .... DEbdry(s2).norm = 2.355482e+06

 .. Step 24: 
=========================================================================================
Start Newton method with 100 iterations and eps = 1.000000e-08.
step = 0, stepsize = 1.000000e+00, norm = 2.355482e+01, t = 0.000000ms
=========================================================================================
step = 1, stepsize = 0.000000e+00, norm = 2.355482e+01, t = 13995.190935ms
=========================================================================================
Finished Newton's method after 1 steps (max. steps = 100, tol = 1.000000e-08).
Final stepsize = 0.000000e+00, final norm = 2.355482e+01
=========================================================================================

 .... Time: 1.402342e+01 seconds.
 .... Ebdry(s2)       = 4.577401e+04
 .... DEbdry(s2).norm = 2.355482e+06

 .. Step 25: 
=========================================================================================
Start Newton method with 100 iterations and eps = 1.000000e-08.
step = 0, stepsize = 1.000000e+00, norm = 2.355482e+01, t = 0.000000ms
=========================================================================================
