 .. [BoundaryTPE] enabled        = 0
 .. [BoundaryTPE] weight         = 0
 .. [BoundaryTPE] available      = 0
 .. [BoundaryTPE] useInObjective = 0
 .. [BoundaryTPE] active         = 0
 .. numVertices = 1025
 .. W = 0.385458
 .. TPE(1) = -3.99875e-39
 .. TPE(2) = 1.7824e-06

 .. Step 2: 
=========================================================================================
Start Newton method with 100 iterations and eps = 1e-08.
step = 0, stepsize = 1.000000e+00, norm = 1.943928e+01, t = 0.000000ms
=========================================================================================
step = 1, stepsize = 2.762473e-01, norm = 1.500480e+01, t = 694.473106ms
step = 2, stepsize = 5.543425e-01, norm = 1.022669e+01, t = 593.508781ms
step = 3, stepsize = 5.576761e-01, norm = 3.462473e+00, t = 613.134371ms
step = 4, stepsize = 5.560409e-01, norm = 1.460282e+00, t = 589.918757ms
step = 5, stepsize = 5.556048e-01, norm = 6.476952e-01, t = 596.968713ms
step = 6, stepsize = 5.555157e-01, norm = 2.895311e-01, t = 641.420855ms
step = 7, stepsize = 5.239668e-01, norm = 1.383047e-01, t = 569.799504ms
step = 8, stepsize = 5.555352e-01, norm = 6.161670e-02, t = 593.208870ms
step = 9, stepsize = 5.555456e-01, norm = 2.741698e-02, t = 611.544802ms
step = 10, stepsize = 5.555509e-01, norm = 1.219183e-02, t = 670.278997ms
step = 11, stepsize = 5.555535e-01, norm = 5.419900e-03, t = 636.044475ms
step = 12, stepsize = 5.555546e-01, norm = 2.409104e-03, t = 651.311879ms
step = 13, stepsize = 5.555551e-01, norm = 1.070764e-03, t = 641.160571ms
step = 14, stepsize = 5.555554e-01, norm = 4.759055e-04, t = 629.958886ms
step = 15, stepsize = 5.555555e-01, norm = 2.115156e-04, t = 632.236011ms
step = 16, stepsize = 5.555555e-01, norm = 9.400732e-05, t = 640.370657ms
step = 17, stepsize = 5.230274e-01, norm = 4.483898e-05, t = 840.075819ms
step = 18, stepsize = 5.555555e-01, norm = 1.992845e-05, t = 627.209121ms
step = 19, stepsize = 5.555556e-01, norm = 8.857095e-06, t = 915.516387ms
step = 20, stepsize = 5.555556e-01, norm = 3.936487e-06, t = 805.935866ms
step = 21, stepsize = 5.555556e-01, norm = 1.749550e-06, t = 778.359719ms
step = 22, stepsize = 5.555555e-01, norm = 7.775779e-07, t = 823.858589ms
step = 23, stepsize = 5.555554e-01, norm = 3.455903e-07, t = 805.072137ms
step = 24, stepsize = 5.555557e-01, norm = 1.535956e-07, t = 786.712241ms
step = 25, stepsize = 5.555556e-01, norm = 6.826471e-08, t = 530.647779ms
step = 26, stepsize = 5.555547e-01, norm = 3.034001e-08, t = 537.207318ms
step = 27, stepsize = 5.555567e-01, norm = 1.348439e-08, t = 430.277990ms
step = 28, stepsize = 5.555568e-01, norm = 5.993023e-09, t = 494.572102ms
=========================================================================================
Finished Newton's method after 28 steps (max. steps = 100, tol = 1.000000e-08).
Final stepsize = 5.555568e-01, final norm = 5.993023e-09
=========================================================================================

 .... Time: 1.839972e+01 seconds.

 .. Step 3: 
=========================================================================================
Start Newton method with 100 iterations and eps = 1.000000e-08.
step = 0, stepsize = 1.000000e+00, norm = 4.198262e+01, t = 0.000000ms
=========================================================================================
step = 1, stepsize = 5.872428e-02, norm = 3.986473e+01, t = 1072.769646ms
step = 2, stepsize = 2.512622e-02, norm = 3.904227e+01, t = 1619.046106ms
step = 3, stepsize = 2.247001e-02, norm = 3.833688e+01, t = 1124.579278ms
step = 4, stepsize = 2.313481e-02, norm = 3.766346e+01, t = 1928.574620ms
step = 5, stepsize = 2.237558e-02, norm = 3.704729e+01, t = 1248.189413ms
step = 6, stepsize = 2.179591e-02, norm = 3.647693e+01, t = 1501.525580ms
step = 7, stepsize = 2.137870e-02, norm = 3.594304e+01, t = 1131.199443ms
step = 8, stepsize = 2.110443e-02, norm = 3.543800e+01, t = 1151.141278ms
step = 9, stepsize = 2.095264e-02, norm = 3.495559e+01, t = 1097.221122ms
step = 10, stepsize = 1.997964e-02, norm = 3.449782e+01, t = 1321.546408ms
step = 11, stepsize = 2.093142e-02, norm = 3.404529e+01, t = 1295.960993ms
step = 12, stepsize = 2.012470e-02, norm = 3.360847e+01, t = 1252.085708ms
step = 13, stepsize = 2.113605e-02, norm = 3.317283e+01, t = 1087.401852ms
step = 14, stepsize = 2.127537e-02, norm = 3.274264e+01, t = 1161.273440ms
step = 15, stepsize = 2.141168e-02, norm = 3.231645e+01, t = 1274.281061ms
step = 16, stepsize = 2.152623e-02, norm = 3.189351e+01, t = 1202.292573ms
step = 17, stepsize = 2.158599e-02, norm = 3.147380e+01, t = 1176.260566ms
step = 18, stepsize = 2.032748e-02, norm = 3.106501e+01, t = 1102.069282ms
step = 19, stepsize = 1.831236e-02, norm = 3.067687e+01, t = 1179.829042ms
step = 20, stepsize = 2.620896e-02, norm = 3.026588e+01, t = 945.377676ms
step = 21, stepsize = 1.346389e-02, norm = 2.995173e+01, t = 1209.769238ms
step = 22, stepsize = 9.615748e-03, norm = 2.972916e+01, t = 855.433692ms
step = 23, stepsize = 2.086605e-03, norm = 2.966648e+01, t = 1138.569077ms
step = 24, stepsize = 2.660309e-02, norm = 2.920525e+01, t = 1038.986368ms
step = 25, stepsize = 1.471063e-03, norm = 2.917578e+01, t = 1488.949318ms
step = 26, stepsize = 7.485784e-04, norm = 2.915896e+01, t = 1650.658173ms
step = 27, stepsize = 6.951458e-04, norm = 2.914341e+01, t = 1507.645872ms
step = 28, stepsize = 8.084866e-04, norm = 2.912634e+01, t = 2102.875865ms
step = 29, stepsize = 1.029426e-03, norm = 2.910639e+01, t = 4404.494062ms
step = 30, stepsize = 1.654103e-03, norm = 2.908166e+01, t = 3417.973027ms
step = 31, stepsize = 1.260579e-03, norm = 2.905368e+01, t = 3380.127391ms
step = 32, stepsize = 2.337863e-03, norm = 2.901006e+01, t = 2633.663274ms
step = 33, stepsize = 2.710142e-03, norm = 2.894902e+01, t = 2318.075854ms
step = 34, stepsize = 3.718463e-03, norm = 2.885724e+01, t = 2828.613557ms
step = 35, stepsize = 8.122670e-03, norm = 2.868478e+01, t = 2595.858730ms
step = 36, stepsize = 8.108166e-03, norm = 2.847938e+01, t = 2680.686880ms
step = 37, stepsize = 7.888810e-03, norm = 2.829809e+01, t = 1925.304359ms
step = 38, stepsize = 7.641649e-03, norm = 2.814914e+01, t = 2349.822969ms
step = 39, stepsize = 7.400266e-03, norm = 2.803012e+01, t = 2283.797714ms
step = 40, stepsize = 3.588007e-03, norm = 2.795366e+01, t = 3028.997480ms
step = 41, stepsize = 3.534638e-03, norm = 2.787934e+01, t = 4127.497540ms
step = 42, stepsize = 3.483989e-03, norm = 2.780700e+01, t = 3121.166032ms
step = 43, stepsize = 3.436212e-03, norm = 2.773644e+01, t = 2814.011809ms
step = 44, stepsize = 3.391336e-03, norm = 2.766743e+01, t = 3363.771236ms
step = 45, stepsize = 3.349245e-03, norm = 2.759973e+01, t = 3278.238414ms
step = 46, stepsize = 3.309680e-03, norm = 2.753312e+01, t = 3139.233141ms
step = 47, stepsize = 3.272232e-03, norm = 2.746733e+01, t = 2935.215502ms
step = 48, stepsize = 3.985656e-03, norm = 2.739419e+01, t = 2735.568081ms
step = 49, stepsize = 3.193639e-03, norm = 2.732949e+01, t = 3327.285535ms
step = 50, stepsize = 3.158673e-03, norm = 2.726483e+01, t = 3503.741806ms
step = 51, stepsize = 3.122751e-03, norm = 2.719997e+01, t = 3766.238932ms
step = 52, stepsize = 3.844961e-03, norm = 2.712470e+01, t = 2541.682563ms
step = 53, stepsize = 6.067750e-03, norm = 2.702925e+01, t = 2956.684796ms
step = 54, stepsize = 5.875316e-03, norm = 2.692321e+01, t = 2881.045780ms
step = 55, stepsize = 5.630872e-03, norm = 2.680498e+01, t = 2507.872313ms
step = 56, stepsize = 1.063558e-02, norm = 2.659558e+01, t = 2518.684062ms
step = 57, stepsize = 1.778712e-02, norm = 2.617603e+01, t = 2531.638737ms
step = 58, stepsize = 1.250263e-02, norm = 2.566764e+01, t = 2726.639503ms
step = 59, stepsize = 1.090011e-02, norm = 2.529471e+01, t = 2596.967507ms
step = 60, stepsize = 1.023772e-02, norm = 2.514694e+01, t = 2639.116155ms
step = 61, stepsize = 5.030597e-03, norm = 2.508102e+01, t = 2471.073670ms
step = 62, stepsize = 2.511391e-03, norm = 2.503758e+01, t = 3548.894009ms
step = 63, stepsize = 2.510373e-03, norm = 2.499881e+01, t = 4649.102516ms
step = 64, stepsize = 2.510919e-03, norm = 2.496521e+01, t = 3014.117771ms
step = 65, stepsize = 1.256310e-03, norm = 2.494197e+01, t = 3421.634735ms
step = 66, stepsize = 1.256338e-03, norm = 2.491946e+01, t = 2836.617345ms
step = 67, stepsize = 1.256393e-03, norm = 2.489769e+01, t = 3071.495130ms
step = 68, stepsize = 1.256449e-03, norm = 2.487668e+01, t = 2958.698054ms
step = 69, stepsize = 1.256479e-03, norm = 2.485642e+01, t = 3209.470886ms
step = 70, stepsize = 1.256458e-03, norm = 2.483691e+01, t = 4297.669780ms
step = 71, stepsize = 1.256360e-03, norm = 2.481812e+01, t = 3219.391850ms
step = 72, stepsize = 1.256161e-03, norm = 2.480001e+01, t = 3173.590092ms
step = 73, stepsize = 1.095247e-03, norm = 2.478318e+01, t = 4525.747194ms
step = 74, stepsize = 1.255701e-03, norm = 2.476616e+01, t = 3641.217965ms
step = 75, stepsize = 1.255131e-03, norm = 2.474958e+01, t = 4361.800682ms
step = 76, stepsize = 1.254425e-03, norm = 2.473331e+01, t = 2940.277199ms
step = 77, stepsize = 1.253599e-03, norm = 2.471721e+01, t = 4543.018439ms
step = 78, stepsize = 1.252687e-03, norm = 2.470108e+01, t = 3726.524062ms
step = 79, stepsize = 1.251739e-03, norm = 2.468471e+01, t = 3783.545115ms
step = 80, stepsize = 1.250830e-03, norm = 2.466785e+01, t = 3383.963678ms
step = 81, stepsize = 1.250062e-03, norm = 2.465023e+01, t = 4555.618661ms
step = 82, stepsize = 1.249568e-03, norm = 2.463152e+01, t = 3699.151703ms
step = 83, stepsize = 1.249520e-03, norm = 2.461136e+01, t = 3579.728500ms
step = 84, stepsize = 1.250143e-03, norm = 2.458933e+01, t = 3343.077905ms
step = 85, stepsize = 2.503467e-03, norm = 2.455439e+01, t = 3194.961094ms
step = 86, stepsize = 5.041211e-03, norm = 2.447705e+01, t = 2335.732008ms
step = 87, stepsize = 5.291989e-03, norm = 2.427488e+01, t = 2783.946596ms
step = 88, stepsize = 2.405524e-04, norm = 2.426808e+01, t = 6912.625822ms
step = 89, stepsize = 1.477608e-05, norm = 2.426784e+01, t = 5924.053798ms
step = 90, stepsize = 2.524781e-06, norm = 2.426779e+01, t = 8113.416983ms
step = 91, stepsize = 6.062619e-07, norm = 2.426778e+01, t = 6964.390528ms
step = 92, stepsize = 1.038523e-08, norm = 2.426778e+01, t = 6553.625655ms
step = 93, stepsize = 6.085768e-10, norm = 2.426778e+01, t = 4542.588986ms
step = 94, stepsize = 0.000000e+00, norm = 2.426778e+01, t = 3151.790679ms
=========================================================================================
Finished Newton's method after 94 steps (max. steps = 100, tol = 1.000000e-08).
Final stepsize = 0.000000e+00, final norm = 2.426778e+01
=========================================================================================

 .... Time: 2.661968e+02 seconds.

 .. Step 4: 
=========================================================================================
Start Newton method with 100 iterations and eps = 1.000000e-08.
step = 0, stepsize = 1.000000e+00, norm = 9.175230e+06, t = 0.000000ms
=========================================================================================
step = 1, stepsize = 3.700287e-01, norm = 7.329165e+06, t = 2819.588596ms
step = 2, stepsize = 1.861518e-06, norm = 7.147509e+06, t = 8050.354431ms
step = 3, stepsize = 5.116956e-11, norm = 7.147509e+06, t = 9757.350991ms
step = 4, stepsize = 5.121444e-11, norm = 7.147509e+06, t = 10124.205859ms
step = 5, stepsize = 5.126364e-11, norm = 7.147509e+06, t = 11181.905515ms
step = 6, stepsize = 5.131640e-11, norm = 7.147509e+06, t = 9356.015533ms
step = 7, stepsize = 5.135930e-11, norm = 7.147509e+06, t = 9174.130357ms
step = 8, stepsize = 5.141086e-11, norm = 7.147509e+06, t = 10755.537718ms
step = 9, stepsize = 5.145458e-11, norm = 7.147509e+06, t = 9182.127603ms
step = 10, stepsize = 5.149844e-11, norm = 7.147509e+06, t = 9885.859839ms
step = 11, stepsize = 5.154859e-11, norm = 7.147509e+06, t = 10421.750889ms
step = 12, stepsize = 5.159650e-11, norm = 7.147509e+06, t = 11014.895359ms
step = 13, stepsize = 5.164323e-11, norm = 7.147509e+06, t = 4717.210496ms
step = 14, stepsize = 5.169005e-11, norm = 7.147509e+06, t = 3389.398457ms
step = 15, stepsize = 5.174015e-11, norm = 7.147509e+06, t = 3471.391260ms
step = 16, stepsize = 5.178403e-11, norm = 7.147509e+06, t = 3201.647957ms
step = 17, stepsize = 5.182995e-11, norm = 7.147509e+06, t = 3189.450973ms
step = 18, stepsize = 5.188504e-11, norm = 7.147509e+06, t = 3487.660804ms
step = 19, stepsize = 5.192598e-11, norm = 7.147509e+06, t = 4420.403342ms
step = 20, stepsize = 5.197786e-11, norm = 7.147509e+06, t = 3399.715534ms
step = 21, stepsize = 5.202866e-11, norm = 7.147509e+06, t = 3261.965369ms
step = 22, stepsize = 5.207574e-11, norm = 7.147509e+06, t = 3234.758487ms
step = 23, stepsize = 5.212035e-11, norm = 7.147509e+06, t = 4066.683993ms
step = 24, stepsize = 5.216493e-11, norm = 7.147509e+06, t = 3486.500836ms
step = 25, stepsize = 5.221061e-11, norm = 7.147509e+06, t = 3499.382121ms
step = 26, stepsize = 5.226730e-11, norm = 7.147509e+06, t = 3678.072978ms
step = 27, stepsize = 5.231531e-11, norm = 7.147509e+06, t = 3304.179231ms
step = 28, stepsize = 5.236188e-11, norm = 7.147509e+06, t = 3390.759572ms
step = 29, stepsize = 5.240753e-11, norm = 7.147509e+06, t = 4016.899729ms
step = 30, stepsize = 5.245705e-11, norm = 7.147509e+06, t = 3473.545199ms
step = 31, stepsize = 5.250404e-11, norm = 7.147509e+06, t = 3296.003002ms
step = 32, stepsize = 5.255452e-11, norm = 7.147509e+06, t = 3723.404144ms
step = 33, stepsize = 5.260849e-11, norm = 7.147509e+06, t = 3530.270699ms
step = 34, stepsize = 5.265595e-11, norm = 7.147509e+06, t = 3394.815884ms
step = 35, stepsize = 5.270703e-11, norm = 7.147509e+06, t = 3075.633219ms
step = 36, stepsize = 5.275799e-11, norm = 7.147509e+06, t = 3244.117924ms
step = 37, stepsize = 5.280290e-11, norm = 7.147509e+06, t = 3408.556132ms
step = 38, stepsize = 5.284999e-11, norm = 7.147509e+06, t = 4245.219021ms
step = 39, stepsize = 5.290022e-11, norm = 7.147509e+06, t = 3240.690203ms
step = 40, stepsize = 5.295733e-11, norm = 7.147509e+06, t = 3576.267933ms
step = 41, stepsize = 5.299833e-11, norm = 7.147509e+06, t = 3650.661026ms
step = 42, stepsize = 5.304768e-11, norm = 7.147509e+06, t = 3658.497191ms
step = 43, stepsize = 5.309959e-11, norm = 7.147509e+06, t = 3107.800885ms
step = 44, stepsize = 5.314873e-11, norm = 7.147509e+06, t = 3103.561705ms
step = 45, stepsize = 5.320082e-11, norm = 7.147509e+06, t = 3194.943790ms
step = 46, stepsize = 5.325038e-11, norm = 7.147509e+06, t = 3141.708438ms
step = 47, stepsize = 5.329885e-11, norm = 7.147509e+06, t = 3230.977044ms
step = 48, stepsize = 5.334860e-11, norm = 7.147509e+06, t = 4334.369301ms
step = 49, stepsize = 5.339843e-11, norm = 7.147509e+06, t = 3499.270666ms
step = 50, stepsize = 5.344898e-11, norm = 7.147509e+06, t = 3319.715648ms
step = 51, stepsize = 5.350202e-11, norm = 7.147509e+06, t = 3541.611812ms
step = 52, stepsize = 5.355228e-11, norm = 7.147509e+06, t = 3393.414638ms
step = 53, stepsize = 5.360000e-11, norm = 7.147509e+06, t = 3300.646179ms
step = 54, stepsize = 5.365076e-11, norm = 7.147509e+06, t = 3948.956228ms
step = 55, stepsize = 5.370365e-11, norm = 7.147509e+06, t = 4413.539958ms
step = 56, stepsize = 5.374998e-11, norm = 7.147509e+06, t = 3914.910364ms
step = 57, stepsize = 5.380575e-11, norm = 7.147509e+06, t = 5870.576477ms
step = 58, stepsize = 5.385320e-11, norm = 7.147509e+06, t = 4060.202439ms
step = 59, stepsize = 5.390522e-11, norm = 7.147509e+06, t = 3559.995092ms
step = 60, stepsize = 5.395127e-11, norm = 7.147509e+06, t = 3243.798115ms
step = 61, stepsize = 5.400134e-11, norm = 7.147509e+06, t = 3177.917117ms
step = 62, stepsize = 5.405547e-11, norm = 7.147509e+06, t = 3235.986712ms
step = 63, stepsize = 5.411109e-11, norm = 7.147509e+06, t = 3106.056439ms
step = 64, stepsize = 5.415749e-11, norm = 7.147509e+06, t = 3482.157847ms
step = 65, stepsize = 5.421040e-11, norm = 7.147509e+06, t = 3079.246442ms
step = 66, stepsize = 5.426074e-11, norm = 7.147509e+06, t = 4334.093681ms
step = 67, stepsize = 5.431326e-11, norm = 7.147509e+06, t = 4241.518546ms
step = 68, stepsize = 5.436749e-11, norm = 7.147509e+06, t = 3219.608120ms
step = 69, stepsize = 5.441506e-11, norm = 7.147509e+06, t = 4212.981042ms
step = 70, stepsize = 5.447215e-11, norm = 7.147509e+06, t = 4601.066795ms
step = 71, stepsize = 5.451633e-11, norm = 7.147509e+06, t = 4064.281759ms
step = 72, stepsize = 5.457161e-11, norm = 7.147509e+06, t = 3487.655280ms
step = 73, stepsize = 5.462389e-11, norm = 7.147509e+06, t = 4016.704333ms
step = 74, stepsize = 5.467732e-11, norm = 7.147509e+06, t = 4934.561787ms
step = 75, stepsize = 5.473003e-11, norm = 7.147509e+06, t = 3392.772784ms
step = 76, stepsize = 5.478387e-11, norm = 7.147509e+06, t = 3409.050517ms
step = 77, stepsize = 5.483521e-11, norm = 7.147509e+06, t = 3718.019776ms
step = 78, stepsize = 5.488733e-11, norm = 7.147509e+06, t = 3430.839058ms
step = 79, stepsize = 5.493403e-11, norm = 7.147509e+06, t = 3409.254445ms
step = 80, stepsize = 5.499317e-11, norm = 7.147509e+06, t = 3359.397618ms
step = 81, stepsize = 5.504349e-11, norm = 7.147509e+06, t = 3278.062605ms
step = 82, stepsize = 5.509447e-11, norm = 7.147509e+06, t = 3615.503063ms
step = 83, stepsize = 5.515248e-11, norm = 7.147509e+06, t = 3440.785002ms
step = 84, stepsize = 5.520952e-11, norm = 7.147509e+06, t = 4029.917022ms
step = 85, stepsize = 5.525911e-11, norm = 7.147509e+06, t = 3217.033441ms
step = 86, stepsize = 5.531123e-11, norm = 7.147509e+06, t = 3538.618552ms
step = 87, stepsize = 5.536241e-11, norm = 7.147509e+06, t = 3274.420651ms
step = 88, stepsize = 5.541896e-11, norm = 7.147509e+06, t = 3497.310773ms
step = 89, stepsize = 5.547243e-11, norm = 7.147509e+06, t = 4533.942542ms
step = 90, stepsize = 5.551923e-11, norm = 7.147509e+06, t = 4231.955248ms
step = 91, stepsize = 5.557370e-11, norm = 7.147509e+06, t = 4082.598829ms
step = 92, stepsize = 5.562749e-11, norm = 7.147509e+06, t = 4837.850445ms
step = 93, stepsize = 5.568390e-11, norm = 7.147509e+06, t = 3386.672951ms
step = 94, stepsize = 5.573252e-11, norm = 7.147509e+06, t = 3350.104546ms
step = 95, stepsize = 5.579123e-11, norm = 7.147509e+06, t = 3668.773512ms
step = 96, stepsize = 5.584650e-11, norm = 7.147509e+06, t = 3128.339997ms
step = 97, stepsize = 5.590111e-11, norm = 7.147509e+06, t = 3762.624086ms
step = 98, stepsize = 5.596128e-11, norm = 7.147509e+06, t = 3691.489145ms
step = 99, stepsize = 5.600661e-11, norm = 7.147509e+06, t = 3382.176451ms
step = 100, stepsize = 5.606349e-11, norm = 7.147509e+06, t = 3259.318811ms
=========================================================================================
Finished Newton's method after 100 steps (max. steps = 100, tol = 1.000000e-08).
Final stepsize = 5.606349e-11, final norm = 7.147509e+06
=========================================================================================

 .... Time: 4.317959e+02 seconds.

 .. Step 5: 
=========================================================================================
Start Newton method with 100 iterations and eps = 1.000000e-08.
step = 0, stepsize = 1.000000e+00, norm = 2.052554e+06, t = 0.000000ms
=========================================================================================
step = 1, stepsize = 4.737679e-03, norm = 2.045744e+06, t = 1543.054334ms
step = 2, stepsize = 1.267261e-02, norm = 1.995540e+06, t = 1272.941167ms
step = 3, stepsize = 6.246709e-04, norm = 1.948908e+06, t = 1868.480317ms
step = 4, stepsize = 8.154640e-05, norm = 1.947798e+06, t = 2037.378788ms
step = 5, stepsize = 4.924275e-05, norm = 1.947542e+06, t = 2171.135105ms
step = 6, stepsize = 5.198479e-05, norm = 1.947332e+06, t = 2525.905339ms
step = 7, stepsize = 3.804109e-05, norm = 1.947186e+06, t = 2722.248680ms
step = 8, stepsize = 3.862345e-05, norm = 1.947060e+06, t = 3007.043102ms
step = 9, stepsize = 6.870742e-05, norm = 1.945320e+06, t = 2945.988358ms
step = 10, stepsize = 1.583998e-07, norm = 1.945320e+06, t = 4102.598976ms
step = 11, stepsize = 1.287804e-04, norm = nan, t = 2701.033025ms
=========================================================================================
Finished Newton's method after 11 steps (max. steps = 100, tol = 1.000000e-08).
Final stepsize = 1.287804e-04, final norm = nan
=========================================================================================

 .... Time: 2.692014e+01 seconds.

 .. Step 6: 
=========================================================================================
Start Newton method with 100 iterations and eps = 1.000000e-08.
step = 0, stepsize = 1.000000e+00, norm = nan, t = 0.000000ms
=========================================================================================
=========================================================================================
Finished Newton's method after 0 steps (max. steps = 100, tol = 1.000000e-08).
Final stepsize = 1.000000e+00, final norm = nan
=========================================================================================

 .... Time: 1.767498e-02 seconds.

 .. Step 7: 
=========================================================================================
Start Newton method with 100 iterations and eps = 1.000000e-08.
step = 0, stepsize = 1.000000e+00, norm = nan, t = 0.000000ms
=========================================================================================
=========================================================================================
Finished Newton's method after 0 steps (max. steps = 100, tol = 1.000000e-08).
Final stepsize = 1.000000e+00, final norm = nan
=========================================================================================

 .... Time: 1.623677e-02 seconds.

 .. Step 8: 
=========================================================================================
Start Newton method with 100 iterations and eps = 1.000000e-08.
step = 0, stepsize = 1.000000e+00, norm = nan, t = 0.000000ms
=========================================================================================
=========================================================================================
Finished Newton's method after 0 steps (max. steps = 100, tol = 1.000000e-08).
Final stepsize = 1.000000e+00, final norm = nan
=========================================================================================

 .... Time: 1.703956e-02 seconds.

 .. Step 9: 
=========================================================================================
Start Newton method with 100 iterations and eps = 1.000000e-08.
step = 0, stepsize = 1.000000e+00, norm = nan, t = 0.000000ms
=========================================================================================
=========================================================================================
Finished Newton's method after 0 steps (max. steps = 100, tol = 1.000000e-08).
Final stepsize = 1.000000e+00, final norm = nan
=========================================================================================

 .... Time: 1.682113e-02 seconds.

 .. Step 10: 
=========================================================================================
Start Newton method with 100 iterations and eps = 1.000000e-08.
step = 0, stepsize = 1.000000e+00, norm = nan, t = 0.000000ms
=========================================================================================
=========================================================================================
Finished Newton's method after 0 steps (max. steps = 100, tol = 1.000000e-08).
Final stepsize = 1.000000e+00, final norm = nan
=========================================================================================

 .... Time: 1.835657e-02 seconds.

 .. Step 11: 
=========================================================================================
Start Newton method with 100 iterations and eps = 1.000000e-08.
step = 0, stepsize = 1.000000e+00, norm = nan, t = 0.000000ms
=========================================================================================
=========================================================================================
Finished Newton's method after 0 steps (max. steps = 100, tol = 1.000000e-08).
Final stepsize = 1.000000e+00, final norm = nan
=========================================================================================

 .... Time: 1.812141e-02 seconds.

 .. Step 12: 
=========================================================================================
Start Newton method with 100 iterations and eps = 1.000000e-08.
step = 0, stepsize = 1.000000e+00, norm = nan, t = 0.000000ms
=========================================================================================
=========================================================================================
Finished Newton's method after 0 steps (max. steps = 100, tol = 1.000000e-08).
Final stepsize = 1.000000e+00, final norm = nan
=========================================================================================

 .... Time: 2.010548e-02 seconds.

 .. Step 13: 
=========================================================================================
Start Newton method with 100 iterations and eps = 1.000000e-08.
step = 0, stepsize = 1.000000e+00, norm = nan, t = 0.000000ms
=========================================================================================
=========================================================================================
Finished Newton's method after 0 steps (max. steps = 100, tol = 1.000000e-08).
Final stepsize = 1.000000e+00, final norm = nan
=========================================================================================

 .... Time: 1.971425e-02 seconds.

 .. Step 14: 
=========================================================================================
Start Newton method with 100 iterations and eps = 1.000000e-08.
step = 0, stepsize = 1.000000e+00, norm = nan, t = 0.000000ms
=========================================================================================
=========================================================================================
Finished Newton's method after 0 steps (max. steps = 100, tol = 1.000000e-08).
Final stepsize = 1.000000e+00, final norm = nan
=========================================================================================

 .... Time: 1.844484e-02 seconds.

 .. Step 15: 
=========================================================================================
Start Newton method with 100 iterations and eps = 1.000000e-08.
step = 0, stepsize = 1.000000e+00, norm = nan, t = 0.000000ms
=========================================================================================
=========================================================================================
Finished Newton's method after 0 steps (max. steps = 100, tol = 1.000000e-08).
Final stepsize = 1.000000e+00, final norm = nan
=========================================================================================

 .... Time: 1.760872e-02 seconds.

 .. Step 16: 
=========================================================================================
Start Newton method with 100 iterations and eps = 1.000000e-08.
step = 0, stepsize = 1.000000e+00, norm = nan, t = 0.000000ms
=========================================================================================
=========================================================================================
Finished Newton's method after 0 steps (max. steps = 100, tol = 1.000000e-08).
Final stepsize = 1.000000e+00, final norm = nan
=========================================================================================

 .... Time: 1.680538e-02 seconds.

 .. Step 17: 
=========================================================================================
Start Newton method with 100 iterations and eps = 1.000000e-08.
step = 0, stepsize = 1.000000e+00, norm = nan, t = 0.000000ms
=========================================================================================
=========================================================================================
Finished Newton's method after 0 steps (max. steps = 100, tol = 1.000000e-08).
Final stepsize = 1.000000e+00, final norm = nan
=========================================================================================

 .... Time: 2.006828e-02 seconds.

 .. Step 18: 
=========================================================================================
Start Newton method with 100 iterations and eps = 1.000000e-08.
step = 0, stepsize = 1.000000e+00, norm = nan, t = 0.000000ms
=========================================================================================
=========================================================================================
Finished Newton's method after 0 steps (max. steps = 100, tol = 1.000000e-08).
Final stepsize = 1.000000e+00, final norm = nan
=========================================================================================

 .... Time: 1.871366e-02 seconds.

 .. Step 19: 
=========================================================================================
Start Newton method with 100 iterations and eps = 1.000000e-08.
step = 0, stepsize = 1.000000e+00, norm = nan, t = 0.000000ms
=========================================================================================
=========================================================================================
Finished Newton's method after 0 steps (max. steps = 100, tol = 1.000000e-08).
Final stepsize = 1.000000e+00, final norm = nan
=========================================================================================

 .... Time: 2.017696e-02 seconds.

 .. Step 20: 
=========================================================================================
Start Newton method with 100 iterations and eps = 1.000000e-08.
step = 0, stepsize = 1.000000e+00, norm = nan, t = 0.000000ms
=========================================================================================
=========================================================================================
Finished Newton's method after 0 steps (max. steps = 100, tol = 1.000000e-08).
Final stepsize = 1.000000e+00, final norm = nan
=========================================================================================

 .... Time: 1.759886e-02 seconds.

 .. Step 21: 
=========================================================================================
Start Newton method with 100 iterations and eps = 1.000000e-08.
step = 0, stepsize = 1.000000e+00, norm = nan, t = 0.000000ms
=========================================================================================
=========================================================================================
Finished Newton's method after 0 steps (max. steps = 100, tol = 1.000000e-08).
Final stepsize = 1.000000e+00, final norm = nan
=========================================================================================

 .... Time: 1.978706e-02 seconds.

 .. Step 22: 
=========================================================================================
Start Newton method with 100 iterations and eps = 1.000000e-08.
step = 0, stepsize = 1.000000e+00, norm = nan, t = 0.000000ms
=========================================================================================
=========================================================================================
Finished Newton's method after 0 steps (max. steps = 100, tol = 1.000000e-08).
Final stepsize = 1.000000e+00, final norm = nan
=========================================================================================

 .... Time: 2.111380e-02 seconds.

 .. Step 23: 
=========================================================================================
Start Newton method with 100 iterations and eps = 1.000000e-08.
step = 0, stepsize = 1.000000e+00, norm = nan, t = 0.000000ms
=========================================================================================
=========================================================================================
Finished Newton's method after 0 steps (max. steps = 100, tol = 1.000000e-08).
Final stepsize = 1.000000e+00, final norm = nan
=========================================================================================

 .... Time: 1.838320e-02 seconds.

 .. Step 24: 
=========================================================================================
Start Newton method with 100 iterations and eps = 1.000000e-08.
step = 0, stepsize = 1.000000e+00, norm = nan, t = 0.000000ms
=========================================================================================
=========================================================================================
Finished Newton's method after 0 steps (max. steps = 100, tol = 1.000000e-08).
Final stepsize = 1.000000e+00, final norm = nan
=========================================================================================

 .... Time: 1.895623e-02 seconds.

 .. Step 25: 
=========================================================================================
Start Newton method with 100 iterations and eps = 1.000000e-08.
step = 0, stepsize = 1.000000e+00, norm = nan, t = 0.000000ms
=========================================================================================
=========================================================================================
Finished Newton's method after 0 steps (max. steps = 100, tol = 1.000000e-08).
Final stepsize = 1.000000e+00, final norm = nan
=========================================================================================

 .... Time: 1.928480e-02 seconds.

 .. Step 26: 
=========================================================================================
Start Newton method with 100 iterations and eps = 1.000000e-08.
step = 0, stepsize = 1.000000e+00, norm = nan, t = 0.000000ms
=========================================================================================
=========================================================================================
Finished Newton's method after 0 steps (max. steps = 100, tol = 1.000000e-08).
Final stepsize = 1.000000e+00, final norm = nan
=========================================================================================

 .... Time: 1.736027e-02 seconds.

 .. Step 27: 
=========================================================================================
Start Newton method with 100 iterations and eps = 1.000000e-08.
step = 0, stepsize = 1.000000e+00, norm = nan, t = 0.000000ms
=========================================================================================
=========================================================================================
Finished Newton's method after 0 steps (max. steps = 100, tol = 1.000000e-08).
Final stepsize = 1.000000e+00, final norm = nan
=========================================================================================

 .... Time: 1.871822e-02 seconds.

 .. Step 28: 
=========================================================================================
Start Newton method with 100 iterations and eps = 1.000000e-08.
step = 0, stepsize = 1.000000e+00, norm = nan, t = 0.000000ms
=========================================================================================
=========================================================================================
Finished Newton's method after 0 steps (max. steps = 100, tol = 1.000000e-08).
Final stepsize = 1.000000e+00, final norm = nan
=========================================================================================

 .... Time: 1.897782e-02 seconds.

 .. Step 29: 
=========================================================================================
Start Newton method with 100 iterations and eps = 1.000000e-08.
step = 0, stepsize = 1.000000e+00, norm = nan, t = 0.000000ms
=========================================================================================
=========================================================================================
Finished Newton's method after 0 steps (max. steps = 100, tol = 1.000000e-08).
Final stepsize = 1.000000e+00, final norm = nan
=========================================================================================

 .... Time: 1.970715e-02 seconds.

 .. Step 30: 
=========================================================================================
Start Newton method with 100 iterations and eps = 1.000000e-08.
step = 0, stepsize = 1.000000e+00, norm = nan, t = 0.000000ms
=========================================================================================
=========================================================================================
Finished Newton's method after 0 steps (max. steps = 100, tol = 1.000000e-08).
Final stepsize = 1.000000e+00, final norm = nan
=========================================================================================

 .... Time: 1.890624e-02 seconds.

 .. Step 31: 
=========================================================================================
Start Newton method with 100 iterations and eps = 1.000000e-08.
step = 0, stepsize = 1.000000e+00, norm = nan, t = 0.000000ms
=========================================================================================
=========================================================================================
Finished Newton's method after 0 steps (max. steps = 100, tol = 1.000000e-08).
Final stepsize = 1.000000e+00, final norm = nan
=========================================================================================

 .... Time: 1.665294e-02 seconds.

 .. Step 32: 
=========================================================================================
Start Newton method with 100 iterations and eps = 1.000000e-08.
step = 0, stepsize = 1.000000e+00, norm = nan, t = 0.000000ms
=========================================================================================
=========================================================================================
Finished Newton's method after 0 steps (max. steps = 100, tol = 1.000000e-08).
Final stepsize = 1.000000e+00, final norm = nan
=========================================================================================

 .... Time: 1.944341e-02 seconds.
 - outputPrefix: ./output/20260602_113612_AugmentedSurfaceExtrapolation/
