 .. numVertices = 50
 .. [Boundary] ./data/myBoundary/TwoSquares/ab_start.ply
 .. [Boundary] mesh vertices = 50
 .. [Boundary] mesh edges    = 112
 .. [Boundary] mesh faces    = 64
 .. [Boundary] Boundary detected: YES
 .. [Boundary] boundary edges      = 32
 .. [Boundary] boundary vertices   = 32
 .. [Boundary] boundary components = 2
 .. [BoundaryTPE] enabled        = 1
 .. [BoundaryTPE] weight         = 1e-05
 .. [BoundaryTPE] available      = 1
 .. [BoundaryTPE] useInObjective = 1
 .. [BoundaryTPE] active         = 1
 .. [BoundaryTPE] checkGradient   = 0
 .. [BoundaryTPE] checkCurveIndex = -1
 .. [BoundaryTPE] fdStep         = 1e-06
 .. dirichletIndices = {25, 29, 45, 49, }
 .. Wmem = 4.26464e-14
 .. Wbend = 0
 .. W = 4.26464e-14

 --- Level 0 --- 
 .. [BoundaryTPE] boundary energy object created.
Warning: OperatorL2PathMetric lacks scaling!
Warning: OperatorL2PathMetric lacks scaling!
 .. Profiling: 
 .... Energy evaluation: 16.2209ms
 ...... Elastic: 1.32635ms
 ...... TPE: 0.020115ms
 ...... RBM: 0.023201ms
 ...... Obstacle: 0.016769ms
 ...... Barycenter: 2.71774ms
 ...... Rotation: 2.31658ms
 .... Gradient evaluation: 6.93578ms
 ...... Elastic: 2.33244ms
 ...... TPE: 0.061448ms
 ...... RBM: 0.031233ms
 ...... Obstacle: 0.073608ms
 ...... Barycenter: 0.097957ms
 ...... Rotation: 0.247123ms
 .... Hessian (operator) evaluation: 31.7748ms
 ...... Elastic: 28.629ms
 ...... TPE: 0.135555ms
 ...... RBM: 0.005298ms
 ...... Obstacle: 0.048917ms
 ...... Barycenter: 0.015268ms
 .... Hessian * grad evaluation: 0.532834ms
 .... Hessian * grad evaluation: 2.78619ms
 .... Preconditioner (operator) evaluation: 13.1824ms
 .... Pre * grad evaluation: 5.76443ms
 .... Pre * grad evaluation: 0.091873ms
 ................................................ 
 .. TPE          = ( 0.000000e+00 0.000000e+00 0.000000e+00 0.000000e+00 0.000000e+00 0.000000e+00 0.000000e+00 0.000000e+00 0.000000e+00 )
 .. BoundaryTPE  = ( 4.916776e+02 4.916776e+02 4.916776e+02 4.916776e+02 4.916776e+02 4.916776e+02 4.916776e+02 4.916776e+02 4.916776e+02 )
 .. [BoundaryTPE] max pair [initial][curve_0] edgeI=7(14,9), edgeJ=22(30,35), midDist=3.000000e-01, kernel=1.371742e+03, contribution=8.573386e+01
 .. [BoundaryTPE] max pair [initial][curve_1] edgeI=2(2,1), edgeJ=28(46,47), midDist=3.000000e-01, kernel=1.371742e+03, contribution=8.573386e+01
 .. [BoundaryTPE] max pair [initial][curve_2] edgeI=2(2,1), edgeJ=28(46,47), midDist=3.000000e-01, kernel=1.371742e+03, contribution=8.573386e+01
 .. [BoundaryTPE] max pair [initial][curve_3] edgeI=2(2,1), edgeJ=28(46,47), midDist=3.000000e-01, kernel=1.371742e+03, contribution=8.573386e+01
 .. [BoundaryTPE] max pair [initial][curve_4] edgeI=2(2,1), edgeJ=28(46,47), midDist=3.000000e-01, kernel=1.371742e+03, contribution=8.573386e+01
 .. [BoundaryTPE] max pair [initial][curve_5] edgeI=2(2,1), edgeJ=28(46,47), midDist=3.000000e-01, kernel=1.371742e+03, contribution=8.573386e+01
 .. [BoundaryTPE] max pair [initial][curve_6] edgeI=2(2,1), edgeJ=28(46,47), midDist=3.000000e-01, kernel=1.371742e+03, contribution=8.573386e+01
 .. [BoundaryTPE] max pair [initial][curve_7] edgeI=2(2,1), edgeJ=28(46,47), midDist=3.000000e-01, kernel=1.371742e+03, contribution=8.573386e+01
 .. [BoundaryTPE] max pair [initial][curve_8] edgeI=1(0,5), edgeJ=21(34,29), midDist=3.000000e-01, kernel=1.371742e+03, contribution=8.573386e+01
 .. [BoundaryTPE] max pair CSV saved: ./output/20260602_063456_AugmentedSurfaceInterpolation/boundary_max_pairs_initial_level_0.csv
 .. [BoundaryTPE] path energy check [initial] manualSumIntermediate=3.441743e+03, Ebdry=3.441743e+03, diff=0.000000e+00
 ................................................ 
 .. E            = 1.941528e-01
 .. Eelast       = 6.259437e-13
 .. Etpe         = 0.000000e+00
 .. Eobs         = 0.000000e+00
 .. Ebdry        = 3.441743e+03
 .. Edir         = 0.000000e+00
 .. Ebary        = 1.597353e+01
 .. Erot         = 1.349764e+01
 ................................................ 
 .. DE.norm      = 1.231896e-01
 .. DEelast.norm = 7.356286e-06
 .. DEtpe.norm   = 0.000000e+00
 .. DEobs.norm   = 0.000000e+00
 .. DEbdry.norm  = 1.193426e+04
 .. DEdir.norm   = 0.000000e+00
 .. DEbary.norm  = 3.333470e+00
 .. DErot.norm   = 3.281385e+00
 ................................................ 
 .. Saved intermediate path: ./output/20260602_063456_AugmentedSurfaceInterpolation/intermediate/level_0/iter_0
 -- TRN -- Iter   0: 1.717843e-01 || 5.264810e-02 ||===||  6.266099e-01 || 7.826857e-02 || 1.000000e+00 ||===|| 3.634857e+01 ||  2 ||    1 ||===||  65.93 ||   1.59 ||  13.84 ||  50.43
 -- TRN -- Iter   1: 1.584058e-01 || 1.445436e-01 ||===||  7.078372e-01 || 1.493572e-01 || 1.000000e+00 ||===|| 2.060055e+01 ||  2 ||    1 ||===||  95.16 ||   5.22 ||  18.95 ||  70.93
 -- TRN -- Iter   2: 1.584058e-01 || 1.445436e-01 ||===|| -2.311730e+00 || 1.810862e-01 || 2.500000e-01 ||===|| 1.927141e+01 ||  2 ||    1 ||===||  21.72 ||   8.10 ||   0.00 ||  13.58
 -- TRN -- Iter   3: 1.557252e-01 || 1.951938e-01 ||===||  5.895984e-01 || 4.527155e-02 || 2.500000e-01 ||===|| 1.927141e+01 ||  2 ||    1 ||===|| 146.11 ||   9.36 ||  31.10 || 105.57
 -- TRN -- Iter   4: 1.530466e-01 || 2.410692e-01 ||===||  9.782114e-01 || 4.410698e-02 || 5.000000e-01 ||===|| 1.211260e+01 ||  2 ||    1 ||===|| 101.69 ||  18.24 ||  13.49 ||  69.89
 -- TRN -- Iter   5: 1.490847e-01 || 4.117775e-01 ||===||  9.055522e-01 || 9.024440e-02 || 1.000000e+00 ||===|| 1.144950e+01 ||  2 ||    1 ||===||  83.24 ||   3.23 ||  14.83 ||  65.11
 -- TRN -- Iter   6: 1.397377e-01 || 5.652697e-01 ||===||  1.170854e+00 || 1.608322e-01 || 2.000000e+00 ||===|| 1.103456e+01 ||  2 ||    1 ||===||  72.30 ||   4.78 ||  17.02 ||  50.42
 -- TRN -- Iter   7: 1.397377e-01 || 5.652697e-01 ||===||  1.043609e-01 || 2.717519e-01 || 5.000000e-01 ||===|| 1.354483e+01 ||  2 ||    1 ||===||  17.08 ||  12.96 ||   0.00 ||   4.08
 -- TRN -- Iter   8: 1.340386e-01 || 5.854448e-01 ||===||  9.323897e-01 || 6.793798e-02 || 1.000000e+00 ||===|| 1.354483e+01 ||  2 ||    1 ||===||  97.51 ||   0.61 ||  25.98 ||  70.87
 -- TRN -- Iter   9: 1.340386e-01 || 5.854448e-01 ||===|| -6.555219e-01 || 1.236774e-01 || 2.500000e-01 ||===|| 2.085642e+01 ||  2 ||    2 ||===||  17.64 ||   8.89 ||   0.00 ||   8.72
 -- TRN -- Iter  10: 1.323802e-01 || 6.220402e-01 ||===||  9.261743e-01 || 3.804908e-02 || 5.000000e-01 ||===|| 9.617670e+00 ||  2 ||    1 ||===||  75.61 ||   0.80 ||  15.08 ||  59.67
 -- TRN -- Iter  11: 1.299783e-01 || 6.692236e-01 ||===||  7.775487e-01 || 6.547030e-02 || 1.000000e+00 ||===|| 1.012137e+01 ||  2 ||    2 ||===||  74.97 ||   3.50 ||  12.20 ||  59.21
 -- TRN -- Iter  12: 1.299783e-01 || 6.692236e-01 ||===|| -6.964384e-01 || 1.364260e-01 || 2.500000e-01 ||===|| 8.648414e+00 ||  2 ||    2 ||===||  18.55 ||  13.68 ||   0.00 ||   4.82
 -- TRN -- Iter  13: 1.299783e-01 || 6.692236e-01 ||===||  1.416249e-01 || 4.639324e-02 || 6.250000e-02 ||===|| 8.648414e+00 ||  2 ||    2 ||===||   8.06 ||   2.16 ||   0.00 ||   5.86
 -- TRN -- Iter  14: 1.293421e-01 || 6.738029e-01 ||===||  8.296828e-01 || 1.265058e-02 || 1.250000e-01 ||===|| 1.555065e+01 ||  2 ||    1 ||===||  87.04 ||   6.96 ||  14.40 ||  65.61
 -- TRN -- Iter  15: 1.287888e-01 || 6.980145e-01 ||===||  7.150162e-01 || 2.067918e-02 || 1.250000e-01 ||===|| 5.769606e+00 ||  2 ||    2 ||===||  75.37 ||   2.23 ||  16.45 ||  56.61
 -- TRN -- Iter  16: 1.282303e-01 || 7.221319e-01 ||===||  9.721777e-01 || 2.294846e-02 || 2.500000e-01 ||===|| 8.387486e+00 ||  2 ||    2 ||===||  82.69 ||   1.69 ||  16.75 ||  64.18
 -- TRN -- Iter  17: 1.269245e-01 || 7.511398e-01 ||===||  9.498555e-01 || 3.809979e-02 || 5.000000e-01 ||===|| 1.016985e+01 ||  2 ||    2 ||===||  73.91 ||   1.39 ||  13.93 ||  58.52
 -- TRN -- Iter  18: 1.241802e-01 || 7.633855e-01 ||===||  1.045191e+00 || 5.954134e-02 || 1.000000e+00 ||===|| 6.470194e+00 ||  2 ||    2 ||===||  69.40 ||   1.45 ||  16.17 ||  51.72
 -- TRN -- Iter  19: 1.175085e-01 || 7.525569e-01 ||===||  1.335221e+00 || 1.142107e-01 || 2.000000e+00 ||===|| 6.731145e+00 ||  2 ||    2 ||===||  80.84 ||   4.46 ||  23.24 ||  53.08
 -- TRN -- Iter  20: 1.175085e-01 || 7.525569e-01 ||===|| -3.267409e-01 || 2.219463e-01 || 5.000000e-01 ||===|| 3.231357e+01 ||  2 ||    2 ||===||  11.27 ||   2.45 ||   0.00 ||   8.78
 -- TRN -- Iter  21: 1.138773e-01 || 7.808095e-01 ||===||  1.071671e+00 || 6.411789e-02 || 1.000000e+00 ||===|| 8.551548e+00 ||  2 ||    1 ||===||  99.79 ||   2.12 ||  15.86 ||  81.73
 -- TRN -- Iter  22: 1.090878e-01 || 7.850521e-01 ||===||  6.287467e-01 || 1.201252e-01 || 1.000000e+00 ||===|| 8.809520e+00 ||  2 ||    1 ||===||  89.50 ||   2.33 ||  15.86 ||  71.24
 -- TRN -- Iter  23: 1.090878e-01 || 7.850521e-01 ||===|| -5.344877e-01 || 1.123616e-01 || 2.500000e-01 ||===|| 6.192853e+00 ||  2 ||    2 ||===||  17.20 ||   1.65 ||   0.00 ||  15.51
 -- TRN -- Iter  24: 1.085555e-01 || 8.086836e-01 ||===||  2.960938e-01 || 3.945626e-02 || 2.500000e-01 ||===|| 6.192853e+00 ||  2 ||    2 ||===||  77.47 ||   4.20 ||  13.50 ||  59.70
 -- TRN -- Iter  25: 1.073785e-01 || 8.283770e-01 ||===||  8.637083e-01 || 4.008328e-02 || 5.000000e-01 ||===|| 9.678477e+00 ||  2 ||    2 ||===||  96.17 ||   3.72 ||  16.16 ||  76.22
 -- TRN -- Iter  26: 1.056584e-01 || 8.245994e-01 ||===||  8.149101e-01 || 6.423931e-02 || 1.000000e+00 ||===|| 4.226762e+00 ||  1 ||    2 ||===||  82.51 ||   7.73 ||  16.53 ||  58.18
 -- TRN -- Iter  27: 1.056584e-01 || 8.245994e-01 ||===|| -6.690304e-01 || 1.355537e-01 || 2.500000e-01 ||===|| 5.818659e+00 ||  2 ||    2 ||===||  14.80 ||   9.00 ||   0.00 ||   5.76
 -- TRN -- Iter  28: 1.056584e-01 || 8.245994e-01 ||===||  1.220882e-01 || 4.437814e-02 || 6.250000e-02 ||===|| 5.818659e+00 ||  2 ||    2 ||===||  17.02 ||   5.25 ||   0.00 ||  11.73
 -- TRN -- Iter  29: 1.052138e-01 || 8.335692e-01 ||===||  7.356217e-01 || 1.361342e-02 || 6.250000e-02 ||===|| 1.444325e+01 ||  2 ||    1 ||===|| 103.75 ||   4.36 ||  14.44 ||  84.88
 -- TRN -- Iter  30: 1.049876e-01 || 8.439070e-01 ||===||  7.232707e-01 || 1.228463e-02 || 6.250000e-02 ||===|| 3.388583e+00 ||  1 ||    2 ||===||  80.14 ||   3.33 ||  13.13 ||  63.60
 -- TRN -- Iter  31: 1.047509e-01 || 8.510396e-01 ||===||  9.132646e-01 || 1.197403e-02 || 1.250000e-01 ||===|| 3.928296e+00 ||  1 ||    2 ||===|| 170.32 ||  66.83 ||  12.73 ||  90.69
 -- TRN -- Iter  32: 1.042191e-01 || 8.566448e-01 ||===||  9.897821e-01 || 1.766470e-02 || 2.500000e-01 ||===|| 4.779891e+00 ||  1 ||    2 ||===||  87.65 ||   1.89 ||  16.33 ||  69.36
 -- TRN -- Iter  33: 1.031421e-01 || 8.522302e-01 ||===||  9.623939e-01 || 2.832414e-02 || 5.000000e-01 ||===|| 4.344737e+00 ||  1 ||    2 ||===|| 161.36 ||  11.07 ||  24.14 || 126.07
 -- TRN -- Iter  34: 1.007188e-01 || 7.830010e-01 ||===||  9.058004e-01 || 6.925684e-02 || 1.000000e+00 ||===|| 3.314021e+00 ||  1 ||    2 ||===|| 111.91 ||  28.32 ||  10.92 ||  72.61
 -- TRN -- Iter  35: 1.007188e-01 || 7.830010e-01 ||===|| -1.466980e+00 || 1.152480e-01 || 2.500000e-01 ||===|| 4.493330e+00 ||  1 ||    2 ||===||  16.21 ||   5.29 ||   0.00 ||  10.87
 -- TRN -- Iter  36: 9.987402e-02 || 7.850626e-01 ||===||  8.137219e-01 || 3.503187e-02 || 5.000000e-01 ||===|| 4.493330e+00 ||  1 ||    2 ||===||  83.13 ||   5.38 ||  18.34 ||  59.30
 -- TRN -- Iter  37: 9.909304e-02 || 7.440552e-01 ||===||  3.657334e-01 || 5.688424e-02 || 5.000000e-01 ||===|| 3.463329e+00 ||  1 ||    2 ||===|| 151.47 ||   5.94 ||  42.79 || 102.64
 -- TRN -- Iter  38: 9.788067e-02 || 7.819040e-01 ||===||  4.903905e-01 || 8.507797e-02 || 5.000000e-01 ||===|| 1.693679e+01 ||  2 ||    2 ||===|| 163.95 ||  55.51 ||  15.59 ||  92.77
 -- TRN -- Iter  39: 9.788067e-02 || 7.819040e-01 ||===|| -1.354971e-01 || 6.107324e-02 || 1.250000e-01 ||===|| 5.820243e+00 ||  2 ||    2 ||===||  13.61 ||   1.53 ||   0.00 ||  12.01
 -- TRN -- Iter  40: 9.749218e-02 || 7.922989e-01 ||===||  5.141204e-01 || 2.349067e-02 || 1.250000e-01 ||===|| 5.820243e+00 ||  2 ||    2 ||===||  65.78 ||   2.11 ||  13.17 ||  50.43
 -- TRN -- Iter  41: 9.704408e-02 || 7.959281e-01 ||===||  1.023896e+00 || 1.675384e-02 || 2.500000e-01 ||===|| 3.377435e+00 ||  1 ||    2 ||===||  78.03 ||   1.32 ||  20.01 ||  56.63
 -- TRN -- Iter  42: 9.615689e-02 || 7.923254e-01 ||===||  1.042420e+00 || 2.791063e-02 || 5.000000e-01 ||===|| 3.315370e+00 ||  1 ||    2 ||===||  83.54 ||   1.80 ||  18.48 ||  63.18
 -- TRN -- Iter  43: 9.432056e-02 || 7.583520e-01 ||===||  1.039116e+00 || 5.702109e-02 || 1.000000e+00 ||===|| 3.347440e+00 ||  1 ||    2 ||===|| 150.35 ||   7.09 ||  19.59 || 123.60
 -- TRN -- Iter  44: 9.213740e-02 || 7.193403e-01 ||===||  6.932645e-01 || 1.211378e-01 || 1.000000e+00 ||===|| 5.621022e+00 ||  2 ||    2 ||===|| 239.49 ||  67.43 ||  14.09 || 157.88
 -- TRN -- Iter  45: 9.213740e-02 || 7.193403e-01 ||===|| -7.397244e-01 || 1.746921e-01 || 2.500000e-01 ||===|| 1.306603e+01 ||  2 ||    1 ||===||   6.19 ||   0.96 ||   0.00 ||   5.19
 -- TRN -- Iter  46: 9.072093e-02 || 7.156095e-01 ||===||  4.873109e-01 || 4.367302e-02 || 2.500000e-01 ||===|| 1.306603e+01 ||  2 ||    1 ||===|| 142.00 ||   2.97 ||  17.59 || 121.37
 -- TRN -- Iter  47: 9.014341e-02 || 7.170355e-01 ||===||  8.125870e-01 || 3.002617e-02 || 5.000000e-01 ||===|| 6.087029e+00 ||  2 ||    2 ||===|| 194.49 ||   3.11 ||  38.84 || 152.45
 -- TRN -- Iter  48: 8.945335e-02 || 7.150185e-01 ||===||  5.954192e-01 || 5.910214e-02 || 5.000000e-01 ||===|| 5.044386e+00 ||  2 ||    2 ||===|| 229.16 || 106.38 ||  16.55 || 106.15
 -- TRN -- Iter  49: 8.945335e-02 || 7.150185e-01 ||===|| -1.783726e-01 || 6.022052e-02 || 1.250000e-01 ||===|| 5.836443e+00 ||  2 ||    2 ||===||  21.50 ||  12.16 ||   0.00 ||   9.29
 -- TRN -- Iter  50: 8.919677e-02 || 7.203329e-01 ||===||  4.893176e-01 || 2.251620e-02 || 1.250000e-01 ||===|| 5.836443e+00 ||  2 ||    2 ||===|| 212.35 ||   3.37 ||  30.33 || 178.56
 -- TRN -- Iter  51: 8.896438e-02 || 7.205232e-01 ||===||  8.745612e-01 || 1.611287e-02 || 2.500000e-01 ||===|| 2.500886e+00 ||  2 ||    2 ||===|| 153.26 ||  68.64 ||  15.65 ||  68.90
 -- TRN -- Iter  52: 8.855371e-02 || 7.191137e-01 ||===||  9.322442e-01 || 3.465772e-02 || 5.000000e-01 ||===|| 2.336421e+00 ||  2 ||    2 ||===||  89.02 ||   4.72 ||  15.67 ||  68.55
 -- TRN -- Iter  53: 8.822063e-02 || 7.042548e-01 ||===||  4.813710e-01 || 6.415525e-02 || 5.000000e-01 ||===|| 1.900695e+00 ||  2 ||    2 ||===|| 105.85 ||   2.19 ||  14.56 ||  89.01
 -- TRN -- Iter  54: 8.822063e-02 || 7.042548e-01 ||===|| -6.072394e+00 || 7.529752e-02 || 1.250000e-01 ||===|| 1.522138e+04 ||  2 ||    3 ||===||  29.22 ||  20.39 ||   0.00 ||   8.77
 -- TRN -- Iter  55: 8.810874e-02 || 7.060592e-01 ||===||  5.755916e-01 || 2.672070e-02 || 1.250000e-01 ||===|| 6.423580e+04 ||  2 ||    2 ||===|| 107.53 ||   8.71 ||  14.95 ||  83.80
 -- TRN -- Iter  56: 8.790017e-02 || 7.084676e-01 ||===||  7.489926e-01 || 2.101595e-02 || 1.250000e-01 ||===|| 3.025488e+00 ||  2 ||    2 ||===||  84.11 ||   1.56 ||  14.97 ||  67.50
 -- TRN -- Iter  57: 8.772679e-02 || 7.081687e-01 ||===||  9.264979e-01 || 1.571215e-02 || 2.500000e-01 ||===|| 1.295837e+00 ||  1 ||    2 ||===||  74.32 ||   1.97 ||   9.62 ||  62.66
 -- TRN -- Iter  58: 8.741815e-02 || 6.986669e-01 ||===||  8.687876e-01 || 3.247286e-02 || 5.000000e-01 ||===|| 1.102855e+00 ||  1 ||    2 ||===||  87.62 ||   6.97 ||  18.48 ||  62.08
 -- TRN -- Iter  59: 8.741815e-02 || 6.986669e-01 ||===|| -3.062409e+00 || 5.961074e-02 || 1.250000e-01 ||===|| 1.264542e+00 ||  2 ||    2 ||===||  20.08 ||   5.85 ||   0.00 ||  14.17
 -- TRN -- Iter  60: 8.730655e-02 || 6.997600e-01 ||===||  6.735738e-01 || 1.607113e-02 || 1.250000e-01 ||===|| 1.264542e+00 ||  2 ||    2 ||===|| 113.29 ||   7.71 ||  16.27 ||  89.24
 -- TRN -- Iter  61: 8.724496e-02 || 6.984613e-01 ||===||  3.474526e-01 || 1.703179e-02 || 1.250000e-01 ||===|| 1.161826e+00 ||  2 ||    2 ||===||  92.63 ||   3.59 ||  17.29 ||  71.63
 -- TRN -- Iter  62: 8.712979e-02 || 7.006366e-01 ||===||  6.034714e-01 || 1.824807e-02 || 1.250000e-01 ||===|| 1.766085e+00 ||  2 ||    2 ||===||  96.75 ||  12.34 ||  15.88 ||  68.46
 -- TRN -- Iter  63: 8.707841e-02 || 6.991377e-01 ||===||  3.573144e-01 || 1.672479e-02 || 1.250000e-01 ||===|| 9.444274e-01 ||  2 ||    2 ||===||  85.31 ||   1.61 ||  16.52 ||  67.11
 -- TRN -- Iter  64: 8.697890e-02 || 7.013630e-01 ||===||  5.601331e-01 || 1.791507e-02 || 1.250000e-01 ||===|| 1.660903e+00 ||  2 ||    2 ||===|| 108.35 ||  10.07 ||  13.84 ||  84.36
 -- TRN -- Iter  65: 8.697890e-02 || 7.013630e-01 ||===||  1.765054e-01 || 1.715467e-02 || 3.125000e-02 ||===|| 9.365576e-01 ||  2 ||    2 ||===||  14.35 ||   1.46 ||   0.00 ||  12.84
 -- TRN -- Iter  66: 8.693250e-02 || 7.025894e-01 ||===||  7.490277e-01 || 6.944153e-03 || 3.125000e-02 ||===|| 9.365576e-01 ||  2 ||    2 ||===||  85.54 ||   2.17 ||  16.31 ||  67.00
 -- TRN -- Iter  67: 8.689056e-02 || 7.035361e-01 ||===||  8.338647e-01 || 5.908155e-03 || 6.250000e-02 ||===|| 6.627805e-01 ||  2 ||    2 ||===||  82.23 ||  11.67 ||  15.51 ||  54.99
 -- TRN -- Iter  68: 8.682879e-02 || 7.042889e-01 ||===||  9.102232e-01 || 9.344674e-03 || 1.250000e-01 ||===|| 7.039627e-01 ||  2 ||    2 ||===||  88.56 ||   1.62 ||  23.77 ||  63.08
 -- TRN -- Iter  69: 8.676314e-02 || 7.033656e-01 ||===||  8.574406e-01 || 1.862296e-02 || 2.500000e-01 ||===|| 6.202002e-01 ||  2 ||    2 ||===||  82.77 ||   1.75 ||  15.09 ||  65.86
 -- TRN -- Iter  70: 8.647193e-02 || 6.869113e-01 ||===||  8.722256e-01 || 3.690725e-02 || 5.000000e-01 ||===|| 1.717950e+00 ||  1 ||    3 ||===||  83.59 ||   1.95 ||  17.38 ||  64.20
 -- TRN -- Iter  71: 8.647193e-02 || 6.869113e-01 ||===|| -1.094952e-01 || 7.086154e-02 || 1.250000e-01 ||===|| 7.564651e-01 ||  1 ||    3 ||===||  29.10 ||   9.33 ||   0.00 ||  19.72
 -- TRN -- Iter  72: 8.640300e-02 || 6.852366e-01 ||===||  5.722667e-01 || 1.655025e-02 || 1.250000e-01 ||===|| 7.564652e-01 ||  1 ||    3 ||===||  90.57 ||   8.84 ||  16.97 ||  64.68
 -- TRN -- Iter  73: 8.634560e-02 || 6.861765e-01 ||===||  3.475622e-01 || 1.788791e-02 || 1.250000e-01 ||===|| 1.362153e+00 ||  2 ||    2 ||===||  86.14 ||   4.31 ||  13.67 ||  68.09
 -- TRN -- Iter  74: 8.634560e-02 || 6.861765e-01 ||===||  1.043232e-01 || 1.786629e-02 || 3.125000e-02 ||===|| 1.128803e+00 ||  2 ||    2 ||===||  32.59 ||  18.45 ||   0.00 ||  14.09
 -- TRN -- Iter  75: 8.630037e-02 || 6.874341e-01 ||===||  7.876049e-01 || 7.751033e-03 || 6.250000e-02 ||===|| 1.128803e+00 ||  2 ||    2 ||===|| 128.50 ||   1.23 ||  22.02 || 105.04
 -- TRN -- Iter  76: 8.625449e-02 || 6.885520e-01 ||===||  6.738199e-01 || 1.212181e-02 || 6.250000e-02 ||===|| 7.788968e-01 ||  2 ||    2 ||===|| 168.11 ||  48.54 ||  17.02 || 102.47
 -- TRN -- Iter  77: 8.622337e-02 || 6.893528e-01 ||===||  6.361387e-01 || 1.176336e-02 || 6.250000e-02 ||===|| 1.107777e+00 ||  1 ||    3 ||===|| 130.31 ||  28.95 ||  16.20 ||  85.07
 -- TRN -- Iter  78: 8.618876e-02 || 6.901714e-01 ||===||  5.984437e-01 || 1.079629e-02 || 6.250000e-02 ||===|| 8.200227e+02 ||  2 ||    8 ||===|| 203.70 || 100.68 ||  13.90 ||  89.04
 -- TRN -- Iter  79: 8.615687e-02 || 6.911492e-01 ||===||  6.089709e-01 || 1.205662e-02 || 6.250000e-02 ||===|| 5.960700e-01 ||  2 ||    2 ||===|| 114.71 ||  21.63 ||  16.36 ||  76.64
 -- TRN -- Iter  80: 8.613154e-02 || 6.918336e-01 ||===||  5.073456e-01 || 1.122442e-02 || 6.250000e-02 ||===|| 5.465395e-01 ||  2 ||    2 ||===|| 131.25 ||  24.76 ||  22.82 ||  83.60
 -- TRN -- Iter  81: 8.609848e-02 || 6.927733e-01 ||===||  6.079212e-01 || 1.168780e-02 || 6.250000e-02 ||===|| 6.461296e-01 ||  2 ||    2 ||===|| 127.36 ||  22.32 ||  19.49 ||  85.47
 -- TRN -- Iter  82: 8.607464e-02 || 6.934320e-01 ||===||  5.179819e-01 || 1.076872e-02 || 6.250000e-02 ||===|| 5.228344e-01 ||  2 ||    2 ||===|| 120.62 ||   1.43 ||  26.28 ||  92.83
 -- TRN -- Iter  83: 8.604415e-02 || 6.942526e-01 ||===||  5.821985e-01 || 1.111057e-02 || 6.250000e-02 ||===|| 6.299841e-01 ||  2 ||    2 ||===|| 281.04 ||  71.64 ||  34.69 || 174.62
 -- TRN -- Iter  84: 8.602004e-02 || 6.948980e-01 ||===||  5.260298e-01 || 1.038836e-02 || 6.250000e-02 ||===|| 5.363122e-01 ||  2 ||    2 ||===||  90.04 ||  11.47 ||  15.75 ||  62.75
 -- TRN -- Iter  85: 8.599205e-02 || 6.956148e-01 ||===||  5.605325e-01 || 1.064832e-02 || 6.250000e-02 ||===|| 6.081842e-01 ||  2 ||    2 ||===||  84.57 ||   2.42 ||  17.00 ||  65.07
 -- TRN -- Iter  86: 8.596798e-02 || 6.962278e-01 ||===||  5.272167e-01 || 1.019158e-02 || 6.250000e-02 ||===|| 5.484882e-01 ||  2 ||    2 ||===||  95.54 ||   1.95 ||  15.41 ||  78.11
 -- TRN -- Iter  87: 8.594196e-02 || 6.968619e-01 ||===||  5.438989e-01 || 1.027215e-02 || 6.250000e-02 ||===|| 5.912600e-01 ||  2 ||    2 ||===|| 132.05 ||  22.40 ||  22.77 ||  86.80
 -- TRN -- Iter  88: 8.591838e-02 || 6.974308e-01 ||===||  5.226642e-01 || 1.008600e-02 || 6.250000e-02 ||===|| 5.551494e-01 ||  2 ||    2 ||===|| 112.64 ||  14.84 ||  24.62 ||  73.10
 -- TRN -- Iter  89: 8.589390e-02 || 6.979979e-01 ||===||  5.301558e-01 || 9.942124e-03 || 6.250000e-02 ||===|| 5.802422e-01 ||  2 ||    2 ||===|| 133.66 ||  37.49 ||  17.70 ||  78.39
 -- TRN -- Iter  90: 8.587108e-02 || 6.985185e-01 ||===||  5.145552e-01 || 1.005805e-02 || 6.250000e-02 ||===|| 5.577893e-01 ||  2 ||    2 ||===|| 197.48 ||  37.70 ||  24.47 || 135.22
 -- TRN -- Iter  91: 8.584789e-02 || 6.990288e-01 ||===||  5.176360e-01 || 9.937079e-03 || 6.250000e-02 ||===|| 5.735467e-01 ||  2 ||    2 ||===|| 125.59 ||  46.86 ||  14.35 ||  64.32
 -- TRN -- Iter  92: 8.584789e-02 || 6.990288e-01 ||===|| -3.859393e-01 || 1.424074e-02 || 1.562500e-02 ||===|| 6.262956e+03 ||  2 ||    3 ||===||  19.37 ||   7.12 ||   0.00 ||  12.20
 -- TRN -- Iter  93: 8.584107e-02 || 6.992275e-01 ||===||  8.982774e-01 || 4.948770e-03 || 3.125000e-02 ||===|| 1.918198e+05 ||  2 ||    1 ||===||  75.03 ||   0.86 ||  18.33 ||  55.77
 -- TRN -- Iter  94: 8.583985e-02 || 6.993888e-01 ||===||  4.122529e-01 || 8.358075e-03 || 3.125000e-02 ||===|| 2.158945e+02 ||  1 ||    1 ||===||  94.24 ||   8.90 ||  16.93 ||  68.33
 -- TRN -- Iter  95: 8.581256e-02 || 6.999160e-01 ||===||  7.979649e-01 || 6.442476e-03 || 6.250000e-02 ||===|| 6.522504e-01 ||  2 ||    2 ||===|| 115.53 ||  24.06 ||  16.58 ||  74.81
 -- TRN -- Iter  96: 8.579054e-02 || 7.004448e-01 ||===||  7.230467e-01 || 1.047298e-02 || 6.250000e-02 ||===|| 8.828371e-01 ||  2 ||    3 ||===|| 152.12 ||  42.99 ||  25.37 ||  83.68
 -- TRN -- Iter  97: 8.577561e-02 || 7.004879e-01 ||===||  3.926802e-01 || 1.222832e-02 || 6.250000e-02 ||===|| 4.585752e-01 ||  2 ||    2 ||===|| 129.05 ||  18.74 ||  16.18 ||  94.06
 -- TRN -- Iter  98: 8.574897e-02 || 7.012135e-01 ||===||  5.808597e-01 || 1.111693e-02 || 6.250000e-02 ||===|| 6.528539e-01 ||  2 ||    2 ||===|| 121.15 ||  27.44 ||  17.20 ||  76.42
 -- TRN -- Iter  99: 8.573479e-02 || 7.012767e-01 ||===||  3.931769e-01 || 1.248003e-02 || 6.250000e-02 ||===|| 4.489064e-01 ||  2 ||    2 ||===|| 125.42 ||  23.59 ||  20.55 ||  81.17
 .. Saved intermediate path: ./output/20260602_063456_AugmentedSurfaceInterpolation/intermediate/level_0/iter_100
 -- TRN -- Iter 100: 8.570913e-02 || 7.019158e-01 ||===||  5.637214e-01 || 1.105673e-02 || 6.250000e-02 ||===|| 6.628367e-01 ||  2 ||    2 ||===|| 121.05 ||  21.94 ||  18.81 ||  80.22
 -- TRN -- Iter 101: 8.569550e-02 || 7.019846e-01 ||===||  3.864222e-01 || 1.217530e-02 || 6.250000e-02 ||===|| 4.485027e-01 ||  2 ||    2 ||===|| 121.71 ||  23.68 ||  23.70 ||  74.26
 -- TRN -- Iter 102: 8.567121e-02 || 7.025466e-01 ||===||  5.443693e-01 || 1.089144e-02 || 6.250000e-02 ||===|| 6.600453e-01 ||  2 ||    2 ||===|| 194.01 ||  88.34 ||  22.24 ||  83.35
 -- TRN -- Iter 103: 8.565800e-02 || 7.026284e-01 ||===||  3.792074e-01 || 1.185457e-02 || 6.250000e-02 ||===|| 4.554528e-01 ||  2 ||    2 ||===|| 117.52 ||  17.33 ||  17.16 ||  82.94
 -- TRN -- Iter 104: 8.563518e-02 || 7.031144e-01 ||===||  5.234075e-01 || 1.065064e-02 || 6.250000e-02 ||===|| 6.542460e-01 ||  2 ||    2 ||===|| 120.13 ||  21.92 ||  24.87 ||  73.25
 -- TRN -- Iter 105: 8.562233e-02 || 7.032109e-01 ||===||  3.724086e-01 || 1.149802e-02 || 6.250000e-02 ||===|| 4.651666e-01 ||  2 ||    2 ||===|| 122.82 ||  21.34 ||  14.68 ||  86.73
 -- TRN -- Iter 106: 8.560931e-02 || 7.039863e-01 ||===||  1.089806e+00 || 1.724858e-02 || 1.250000e-01 ||===|| 3.278958e+02 ||  1 ||    2 ||===|| 144.50 ||  26.26 ||  19.19 ||  98.88
 -- TRN -- Iter 107: 8.560931e-02 || 7.039863e-01 ||===|| -3.499096e-01 || 1.778470e-02 || 3.125000e-02 ||===|| 6.755191e-01 ||  2 ||    2 ||===||  65.12 ||  45.00 ||   0.00 ||  20.07
 -- TRN -- Iter 108: 8.558641e-02 || 7.043984e-01 ||===||  8.012860e-01 || 5.997036e-03 || 6.250000e-02 ||===|| 6.755191e-01 ||  2 ||    2 ||===|| 152.46 ||  38.04 ||  14.52 ||  98.08
 -- TRN -- Iter 109: 8.556773e-02 || 7.047066e-01 ||===||  6.658310e-01 || 9.275260e-03 || 6.250000e-02 ||===|| 3.457686e-01 ||  2 ||    2 ||===|| 120.16 ||   1.97 ||  14.40 || 103.71
 -- TRN -- Iter 110: 8.555316e-02 || 7.045338e-01 ||===||  3.688881e-01 || 1.293250e-02 || 6.250000e-02 ||===|| 5.361937e-01 ||  2 ||    2 ||===||  97.22 ||   2.24 ||  25.14 ||  69.75
 -- TRN -- Iter 111: 8.554738e-02 || 7.054545e-01 ||===||  4.764206e-01 || 1.693414e-02 || 6.250000e-02 ||===|| 3.408202e+02 ||  1 ||    1 ||===|| 125.21 ||  18.03 ||  18.52 ||  88.58
 -- TRN -- Iter 112: 8.551734e-02 || 7.060005e-01 ||===||  6.538438e-01 || 9.789281e-03 || 6.250000e-02 ||===|| 7.488486e-01 ||  2 ||    2 ||===||  96.95 ||  19.58 ||  23.48 ||  53.81
 -- TRN -- Iter 113: 8.550568e-02 || 7.057725e-01 ||===||  3.964453e-01 || 1.154228e-02 || 6.250000e-02 ||===|| 3.472897e-01 ||  2 ||    2 ||===||  94.48 ||  16.73 ||  22.09 ||  55.59
 -- TRN -- Iter 114: 8.548480e-02 || 7.062784e-01 ||===||  5.056445e-01 || 1.155301e-02 || 6.250000e-02 ||===|| 6.687297e-01 ||  2 ||    2 ||===||  80.11 ||   1.77 ||  16.62 ||  61.65
 -- TRN -- Iter 115: 8.547585e-02 || 7.061841e-01 ||===||  2.864094e-01 || 1.201279e-02 || 6.250000e-02 ||===|| 4.454771e-01 ||  2 ||    2 ||===||  88.34 ||   4.39 ||  16.28 ||  67.59
 -- TRN -- Iter 116: 8.545557e-02 || 7.065953e-01 ||===||  4.944747e-01 || 1.106094e-02 || 6.250000e-02 ||===|| 6.806047e-01 ||  2 ||    2 ||===||  85.27 ||   9.01 ||  17.01 ||  59.18
 -- TRN -- Iter 117: 8.544705e-02 || 7.065239e-01 ||===||  2.797779e-01 || 1.165267e-02 || 6.250000e-02 ||===|| 4.458922e-01 ||  2 ||    2 ||===|| 117.19 ||  16.56 ||  16.88 ||  83.66
 -- TRN -- Iter 118: 8.542774e-02 || 7.068704e-01 ||===||  4.784429e-01 || 1.075546e-02 || 6.250000e-02 ||===|| 6.810508e-01 ||  2 ||    2 ||===|| 112.95 ||  19.44 ||  13.79 ||  79.63
 -- TRN -- Iter 119: 8.541963e-02 || 7.068248e-01 ||===||  2.701867e-01 || 1.126569e-02 || 6.250000e-02 ||===|| 4.525406e-01 ||  2 ||    2 ||===|| 165.69 ||  31.20 ||  16.40 || 118.02
 -- TRN -- Iter 120: 8.540131e-02 || 7.071114e-01 ||===||  4.614356e-01 || 1.042710e-02 || 6.250000e-02 ||===|| 6.798290e-01 ||  2 ||    2 ||===||  90.24 ||   2.10 ||  17.72 ||  70.34
 -- TRN -- Iter 121: 8.539351e-02 || 7.070912e-01 ||===||  2.623819e-01 || 1.085819e-02 || 6.250000e-02 ||===|| 4.607763e-01 ||  2 ||    2 ||===||  90.17 ||   1.93 ||  14.98 ||  73.13
 -- TRN -- Iter 122: 8.537618e-02 || 7.073205e-01 ||===||  4.439590e-01 || 1.006623e-02 || 6.250000e-02 ||===|| 6.777823e-01 ||  2 ||    2 ||===||  81.94 ||   2.34 ||  16.43 ||  63.09
 -- TRN -- Iter 123: 8.536863e-02 || 7.073257e-01 ||===||  2.562693e-01 || 1.043010e-02 || 6.250000e-02 ||===|| 4.699569e-01 ||  2 ||    2 ||===||  74.46 ||   2.46 ||  15.09 ||  56.83
 -- TRN -- Iter 124: 8.535227e-02 || 7.075006e-01 ||===||  4.264138e-01 || 9.679955e-03 || 6.250000e-02 ||===|| 6.752711e-01 ||  2 ||    2 ||===||  83.32 ||   2.22 ||  15.32 ||  65.71
 -- TRN -- Iter 125: 8.534489e-02 || 7.075306e-01 ||===||  2.516654e-01 || 9.990937e-03 || 6.250000e-02 ||===|| 4.797027e-01 ||  2 ||    2 ||===||  90.77 ||   1.85 ||  15.52 ||  73.32
 -- TRN -- Iter 126: 8.532947e-02 || 7.076543e-01 ||===||  4.091119e-01 || 9.280618e-03 || 6.250000e-02 ||===|| 6.724994e-01 ||  2 ||    2 ||===|| 105.76 ||   1.69 ||  39.45 ||  64.54
 -- TRN -- Iter 127: 8.532947e-02 || 7.076543e-01 ||===||  2.483169e-01 || 9.552483e-03 || 1.562500e-02 ||===|| 4.897605e-01 ||  2 ||    2 ||===||  27.41 ||  20.89 ||   0.00 ||   6.49
 -- TRN -- Iter 128: 8.531998e-02 || 7.078464e-01 ||===||  8.016229e-01 || 3.524928e-03 || 3.125000e-02 ||===|| 4.897605e-01 ||  2 ||    2 ||===||  84.24 ||   1.23 ||  14.97 ||  67.97
 -- TRN -- Iter 129: 8.530892e-02 || 7.079302e-01 ||===||  6.711403e-01 || 5.108582e-03 || 3.125000e-02 ||===|| 3.267782e-01 ||  2 ||    2 ||===|| 137.78 ||  15.43 ||  20.44 || 101.82
 -- TRN -- Iter 130: 8.529825e-02 || 7.079435e-01 ||===||  6.497401e-01 || 5.702570e-03 || 3.125000e-02 ||===|| 3.312923e-01 ||  2 ||    2 ||===|| 116.20 ||  18.13 ||  22.34 ||  75.65
 -- TRN -- Iter 131: 8.528776e-02 || 7.080135e-01 ||===||  6.470413e-01 || 5.116196e-03 || 3.125000e-02 ||===|| 3.322234e-01 ||  2 ||    2 ||===|| 111.15 ||  29.18 ||  15.76 ||  66.14
 -- TRN -- Iter 132: 8.527753e-02 || 7.080208e-01 ||===||  6.357225e-01 || 5.654914e-03 || 3.125000e-02 ||===|| 3.316617e-01 ||  2 ||    2 ||===|| 107.49 ||  22.40 ||  13.07 ||  71.95
 -- TRN -- Iter 133: 8.526744e-02 || 7.080802e-01 ||===||  6.344300e-01 || 5.125494e-03 || 3.125000e-02 ||===|| 3.343979e-01 ||  2 ||    2 ||===||  83.29 ||   1.56 ||  16.94 ||  64.72
 -- TRN -- Iter 134: 8.525757e-02 || 7.080774e-01 ||===||  6.244649e-01 || 5.634576e-03 || 3.125000e-02 ||===|| 3.321932e-01 ||  2 ||    2 ||===||  86.88 ||   2.94 ||  13.83 ||  70.02
 -- TRN -- Iter 135: 8.524782e-02 || 7.081290e-01 ||===||  6.238572e-01 || 5.152456e-03 || 3.125000e-02 ||===|| 3.362002e-01 ||  2 ||    2 ||===||  74.64 ||   1.96 ||  14.42 ||  58.19
 -- TRN -- Iter 136: 8.523829e-02 || 7.081154e-01 ||===||  6.142155e-01 || 5.622313e-03 || 3.125000e-02 ||===|| 3.328490e-01 ||  2 ||    2 ||===||  84.58 ||   1.73 ||  14.59 ||  68.18
 -- TRN -- Iter 137: 8.522885e-02 || 7.081607e-01 ||===||  6.143037e-01 || 5.176415e-03 || 3.125000e-02 ||===|| 3.379277e-01 ||  2 ||    2 ||===||  71.00 ||   1.73 ||  14.06 ||  55.13
 -- TRN -- Iter 138: 8.521963e-02 || 7.081369e-01 ||===||  6.046852e-01 || 5.612361e-03 || 3.125000e-02 ||===|| 3.335531e-01 ||  2 ||    2 ||===||  80.67 ||   1.80 ||  17.63 ||  61.16
 -- TRN -- Iter 139: 8.521047e-02 || 7.081768e-01 ||===||  6.054970e-01 || 5.198387e-03 || 3.125000e-02 ||===|| 3.396539e-01 ||  2 ||    2 ||===||  76.06 ||   1.98 ||  10.69 ||  63.31
 -- TRN -- Iter 140: 8.520152e-02 || 7.081432e-01 ||===||  5.957764e-01 || 5.602927e-03 || 3.125000e-02 ||===|| 3.342693e-01 ||  2 ||    2 ||===||  71.44 ||   2.67 ||  15.36 ||  53.34
 -- TRN -- Iter 141: 8.519262e-02 || 7.081786e-01 ||===||  5.973325e-01 || 5.218764e-03 || 3.125000e-02 ||===|| 3.414050e-01 ||  2 ||    2 ||===||  80.58 ||   2.24 ||  18.27 ||  59.98
 -- TRN -- Iter 142: 8.518636e-02 || 7.078134e-01 ||===||  8.055148e-01 || 8.955478e-03 || 6.250000e-02 ||===|| 6.729033e+02 ||  1 ||    2 ||===||  81.11 ||   3.70 ||  16.28 ||  61.06
 -- TRN -- Iter 143: 8.518636e-02 || 7.078134e-01 ||===||  2.202052e-01 || 8.819368e-03 || 1.562500e-02 ||===|| 3.648630e-01 ||  2 ||    2 ||===||  18.76 ||  12.92 ||   0.00 ||   5.80
 -- TRN -- Iter 144: 8.517901e-02 || 7.078714e-01 ||===||  7.829945e-01 || 3.147981e-03 || 3.125000e-02 ||===|| 3.648630e-01 ||  2 ||    2 ||===||  72.12 ||   3.13 ||  15.48 ||  53.46
 -- TRN -- Iter 145: 8.516367e-02 || 7.076626e-01 ||===||  8.517586e-01 || 3.794721e-03 || 6.250000e-02 ||===|| 2.527108e-01 ||  2 ||    2 ||===||  75.46 ||   1.80 ||  15.72 ||  57.86
 -- TRN -- Iter 146: 8.515309e-02 || 7.071985e-01 ||===||  3.776776e-01 || 8.565149e-03 || 6.250000e-02 ||===|| 2.939982e-01 ||  2 ||    2 ||===||  77.35 ||   1.97 ||  14.78 ||  60.51
 -- TRN -- Iter 147: 8.513314e-02 || 7.071821e-01 ||===||  4.804700e-01 || 9.373938e-03 || 6.250000e-02 ||===|| 8.335428e-01 ||  2 ||    2 ||===||  76.82 ||   1.84 ||  13.72 ||  61.19
 -- TRN -- Iter 148: 8.513314e-02 || 7.071821e-01 ||===||  1.126801e-02 || 9.489885e-03 || 1.562500e-02 ||===|| 3.804927e-01 ||  2 ||    2 ||===||   8.24 ||   1.80 ||   0.00 ||   6.39
 -- TRN -- Iter 149: 8.512626e-02 || 7.072650e-01 ||===||  7.546537e-01 || 3.280256e-03 || 3.125000e-02 ||===|| 3.804927e-01 ||  2 ||    2 ||===||  79.29 ||   1.54 ||  17.29 ||  60.39
 -- TRN -- Iter 150: 8.510977e-02 || 7.070302e-01 ||===||  7.617128e-01 || 4.758014e-03 || 6.250000e-02 ||===|| 2.378287e-01 ||  2 ||    2 ||===||  83.96 ||   4.33 ||  12.56 ||  67.00
 -- TRN -- Iter 151: 8.510977e-02 || 7.070302e-01 ||===||  6.769814e-02 || 1.055675e-02 || 1.562500e-02 ||===|| 4.285297e-01 ||  2 ||    2 ||===||  16.89 ||  12.04 ||   0.00 ||   4.81
 -- TRN -- Iter 152: 8.510272e-02 || 7.070750e-01 ||===||  7.565483e-01 || 3.526195e-03 || 3.125000e-02 ||===|| 4.285297e-01 ||  2 ||    2 ||===||  80.60 ||   2.04 ||  14.54 ||  63.95
 -- TRN -- Iter 153: 8.509184e-02 || 7.068262e-01 ||===||  6.537641e-01 || 5.519193e-03 || 3.125000e-02 ||===|| 2.560001e-01 ||  2 ||    2 ||===||  83.48 ||  14.42 ||  13.43 ||  55.57
 -- TRN -- Iter 154: 8.508265e-02 || 7.068918e-01 ||===||  5.948217e-01 || 5.287839e-03 || 3.125000e-02 ||===|| 4.309664e-01 ||  2 ||    2 ||===||  81.51 ||   1.63 ||  15.03 ||  64.70
 -- TRN -- Iter 155: 8.507380e-02 || 7.067875e-01 ||===||  5.925089e-01 || 5.131301e-03 || 3.125000e-02 ||===|| 2.703506e-01 ||  2 ||    2 ||===|| 107.32 ||   2.37 ||  37.64 ||  67.23
 -- TRN -- Iter 156: 8.506495e-02 || 7.067696e-01 ||===||  5.817340e-01 || 5.593238e-03 || 3.125000e-02 ||===|| 4.330702e-01 ||  2 ||    2 ||===|| 117.39 ||  47.23 ||  11.04 ||  59.06
 -- TRN -- Iter 157: 8.505491e-02 || 7.066535e-01 ||===||  6.312786e-01 || 5.045338e-03 || 3.125000e-02 ||===|| 8.644462e+01 ||  2 ||    7 ||===|| 116.89 ||   8.05 ||  31.42 ||  77.35
 -- TRN -- Iter 158: 8.504641e-02 || 7.066299e-01 ||===||  5.705770e-01 || 5.357702e-03 || 3.125000e-02 ||===|| 4.183482e-01 ||  2 ||    2 ||===|| 119.03 ||  34.91 ||  16.43 ||  67.63
 -- TRN -- Iter 159: 8.503848e-02 || 7.065537e-01 ||===||  5.632016e-01 || 5.036001e-03 || 3.125000e-02 ||===|| 2.851333e-01 ||  2 ||    2 ||===|| 132.31 ||   2.65 ||  42.20 ||  87.34
 -- TRN -- Iter 160: 8.503015e-02 || 7.065294e-01 ||===||  5.688289e-01 || 5.333939e-03 || 3.125000e-02 ||===|| 4.183665e-01 ||  2 ||    2 ||===||  90.85 ||  11.21 ||  18.66 ||  60.62
 -- TRN -- Iter 161: 8.502243e-02 || 7.064615e-01 ||===||  5.575966e-01 || 5.105857e-03 || 3.125000e-02 ||===|| 2.884080e-01 ||  2 ||    2 ||===||  88.11 ||  13.29 ||  18.58 ||  56.03
 -- TRN -- Iter 162: 8.501425e-02 || 7.064252e-01 ||===||  5.642688e-01 || 5.383520e-03 || 3.125000e-02 ||===|| 4.179999e-01 ||  2 ||    2 ||===||  91.94 ||   8.08 ||  14.32 ||  69.47
 -- TRN -- Iter 163: 8.500669e-02 || 7.063669e-01 ||===||  5.519905e-01 || 5.214025e-03 || 3.125000e-02 ||===|| 2.908572e-01 ||  2 ||    2 ||===||  96.13 ||   2.27 ||  15.81 ||  77.97
 -- TRN -- Iter 164: 8.499863e-02 || 7.063170e-01 ||===||  5.599009e-01 || 5.468560e-03 || 3.125000e-02 ||===|| 4.177952e-01 ||  2 ||    2 ||===|| 116.97 ||   3.62 ||  26.85 ||  86.43
 -- TRN -- Iter 165: 8.499120e-02 || 7.062691e-01 ||===||  5.473172e-01 || 5.324085e-03 || 3.125000e-02 ||===|| 2.930558e-01 ||  2 ||    2 ||===|| 107.43 ||  20.06 ||  15.40 ||  71.91
 -- TRN -- Iter 166: 8.498325e-02 || 7.062057e-01 ||===||  5.557809e-01 || 5.553746e-03 || 3.125000e-02 ||===|| 4.176689e-01 ||  2 ||    2 ||===|| 121.22 ||  20.02 ||  17.91 ||  83.22
 -- TRN -- Iter 167: 8.497594e-02 || 7.061684e-01 ||===||  5.433486e-01 || 5.428820e-03 || 3.125000e-02 ||===|| 2.950753e-01 ||  2 ||    2 ||===|| 121.59 ||  23.86 ||  18.15 ||  79.50
 -- TRN -- Iter 168: 8.497594e-02 || 7.061684e-01 ||===|| -4.065756e-01 || 8.363645e-03 || 7.812500e-03 ||===|| 6.234065e+02 ||  1 ||    1 ||===||  31.39 ||  10.17 ||   0.00 ||  21.17
 -- TRN -- Iter 169: Value reduction too small.
 -- TRN -- Final   : 8.497594e-02 || 7.061684e-01 ||===|| -2.195885e-01 || 2.090911e-03 || 1.953125e-03 ||===|| 16141.27 || 2279.36
 .. Total time: 16.27 seconds.
 .. Result: 8,50,169,1.627462e+01,337,2.279356e+03,2.618683e+03,1.122828e+04,
 ................................................ 
 | Timings for N6NewOpt16SteihaugCGMethodI19DefaultConfiguratorEE
 | solve                                         |    170 |     2.28s |    13.40ms | 
 | solve::evaluateOperatorProduct                |    337 |     1.75s |     5.20ms | 
 | solve::evaluatePreconditioner                 |    337 |     0.47s |     1.40ms | 
 | Timings for 27InverseOperatorL2PathMetricI19DefaultConfiguratorE
 | AssembleBlocks                                |   1013 |    12.58s |    12.42ms | 
 | FactorizeBlocks                               |   1010 |     0.55s |     0.55ms | 
 | Timings for 20DifferencePathEnergyI19DefaultConfiguratorN8ScaryTPE18TangentPointEnergyEE
 | HessOp                                        |    145 |     0.26s |     1.78ms | 
 | evaluate                                      |    315 |     0.45s |     1.42ms | 
 | evaluateEnergiesAndGradients                  |    605 |     0.45s |     0.75ms | 
 | evaluateGradient                              |    145 |     0.01s |     0.08ms | 
 | Timings for 20DifferencePathEnergyI19DefaultConfiguratorN8ScaryTPE26TangentPointObstacleEnergyEE
 | HessOp                                        |    145 |     0.48s |     3.32ms | 
 | evaluate                                      |    315 |     0.27s |     0.84ms | 
 | evaluateEnergiesAndGradients                  |    605 |     0.27s |     0.44ms | 
 | evaluateGradient                              |    145 |     0.01s |     0.08ms | 
 | Timings for 18DiscretePathEnergyI19DefaultConfiguratorE
 | apply                                         |    315 |     0.57s |     1.81ms | 
 | Timings for 26DiscretePathEnergyGradientI19DefaultConfiguratorE
 | apply                                         |    145 |     0.58s |     4.00ms | 
 | Timings for 25DiscretePathEnergyHessianI19DefaultConfiguratorE
 | Timings for 25OperatorPathEnergyHessianI19DefaultConfiguratorE
 | evaluate                                      |    145 |     5.76s |    39.75ms | 
 ................................................ 

 .. TPE          = ( 0.000000e+00 2.666047e-53 -2.635219e-53 -3.479692e-53 7.867846e-53 3.378499e-54 -5.895231e-53 4.404060e-53 0.000000e+00 )
 .. BoundaryTPE  = ( 4.916776e+02 2.055937e+02 1.897956e+02 1.830665e+02 1.780321e+02 1.833007e+02 1.868165e+02 2.130164e+02 4.916776e+02 )
 .. [BoundaryTPE] max pair [final][curve_0] edgeI=7(14,9), edgeJ=22(30,35), midDist=3.000000e-01, kernel=1.371742e+03, contribution=8.573386e+01
 .. [BoundaryTPE] max pair [final][curve_1] edgeI=3(3,2), edgeJ=27(40,45), midDist=3.180635e-01, kernel=7.830859e+02, contribution=4.952102e+01
 .. [BoundaryTPE] max pair [final][curve_2] edgeI=2(2,1), edgeJ=27(40,45), midDist=3.315355e-01, kernel=4.337594e+02, contribution=2.735177e+01
 .. [BoundaryTPE] max pair [final][curve_3] edgeI=2(2,1), edgeJ=26(45,46), midDist=3.490197e-01, kernel=3.573069e+02, contribution=2.236633e+01
 .. [BoundaryTPE] max pair [final][curve_4] edgeI=0(1,0), edgeJ=26(45,46), midDist=4.108751e-01, kernel=2.075938e+02, contribution=1.297781e+01
 .. [BoundaryTPE] max pair [final][curve_5] edgeI=3(3,2), edgeJ=31(48,49), midDist=3.481551e-01, kernel=3.596567e+02, contribution=2.251288e+01
 .. [BoundaryTPE] max pair [final][curve_6] edgeI=3(3,2), edgeJ=30(49,44), midDist=3.342139e-01, kernel=4.154562e+02, contribution=2.619767e+01
 .. [BoundaryTPE] max pair [final][curve_7] edgeI=2(2,1), edgeJ=30(49,44), midDist=3.135346e-01, kernel=8.533205e+02, contribution=5.396230e+01
 .. [BoundaryTPE] max pair [final][curve_8] edgeI=1(0,5), edgeJ=21(34,29), midDist=3.000000e-01, kernel=1.371742e+03, contribution=8.573386e+01
 .. [BoundaryTPE] max pair CSV saved: ./output/20260602_063456_AugmentedSurfaceInterpolation/boundary_max_pairs_final_level_0.csv
 .. [BoundaryTPE] path energy check [final] manualSumIntermediate=1.339621e+03, Ebdry=1.339621e+03, diff=0.000000e+00
 ................................................ 
 .. E            = 1.564808e-03 9.325579e-04 1.103004e-03 8.875134e-04 8.793776e-04 1.102739e-03 9.240404e-04 1.553426e-03
 .. Eelast       = 5.568477e-04 3.330395e-05 2.167110e-04 6.799135e-06 6.503958e-06 2.186933e-04 3.315521e-05 5.567080e-04
 .. Emem         = 5.568477e-04 3.330395e-05 2.167110e-04 6.799135e-06 6.503958e-06 2.186933e-04 3.315521e-05 5.567080e-04
 .. Ebend        = 0.000000e+00 0.000000e+00 0.000000e+00 0.000000e+00 0.000000e+00 0.000000e+00 0.000000e+00 0.000000e+00
 .. Etpe         = 7.107808e-106 2.810343e-105 7.131350e-107 1.287666e-104 5.670084e-105 3.885130e-105 1.060754e-104 1.939574e-105
 .. Eobs         = 0.000000e+00 0.000000e+00 0.000000e+00 0.000000e+00 0.000000e+00 0.000000e+00 0.000000e+00 0.000000e+00
 .. Edir         = 5.976312e-06 1.336403e-06 2.631481e-07 7.421738e-08 6.851093e-08 2.644293e-07 1.326042e-06 5.951204e-06
 .. Ebary        = 1.007900e-01 8.992406e-02 8.862900e-02 8.807136e-02 8.728729e-02 8.840433e-02 8.908720e-02 9.966582e-02
 .. Erot         = 8.654963e-02 2.134762e-01 2.414490e-01 1.976262e-01 1.982534e-01 2.406164e-01 2.112171e-01 8.518061e-02
 ................................................ 
 .. E            = 8.497594e-02
 .. Eelast       = 1.302978e-02
 .. Etpe         = 3.085714e-103
 .. Eobs         = 0.000000e+00
 .. Ebdry        = 1.339621e+03
 .. Edir         = 1.220821e-04
 .. Ebary        = 5.854873e+00
 .. Erot         = 1.179495e+01
 ................................................ 
 .. DE.norm      = 7.061684e-01
 .. DEelast.norm = 7.034555e-01
 .. DEtpe.norm   = 7.621455e-102
 .. DEobs.norm   = 0.000000e+00
 .. DEbdry.norm  = 2.583847e+03
 .. DEdir.norm   = 5.828950e-02
 .. DEbary.norm  = 8.664100e-01
 .. DErot.norm   = 2.433300e+00
 ................................................ 
 - outputPrefix: ./output/20260602_063456_AugmentedSurfaceInterpolation/
